Archive member included to satisfy reference by file (symbol)

/usr/lib/gcc/arm-none-eabi/10.3.1/thumb/v6-m/nofp/libgcc.a(_dvmd_tls.o)
                              CMakeFiles/hello_rp2040.dir/home/fabio/pico/pico-sdk/src/rp2_common/pico_divider/divider.S.obj (__aeabi_idiv0)
/usr/lib/gcc/arm-none-eabi/10.3.1/../../../arm-none-eabi/lib/thumb/v6-m/nofp/libc.a(lib_a-atexit.o)
                              /usr/lib/gcc/arm-none-eabi/10.3.1/../../../arm-none-eabi/lib/thumb/v6-m/nofp/crt0.o (atexit)
/usr/lib/gcc/arm-none-eabi/10.3.1/../../../arm-none-eabi/lib/thumb/v6-m/nofp/libc.a(lib_a-calloc.o)
                              CMakeFiles/hello_rp2040.dir/home/fabio/pico/pico-sdk/src/rp2_common/pico_malloc/pico_malloc.c.obj (calloc)
/usr/lib/gcc/arm-none-eabi/10.3.1/../../../arm-none-eabi/lib/thumb/v6-m/nofp/libc.a(lib_a-callocr.o)
                              /usr/lib/gcc/arm-none-eabi/10.3.1/../../../arm-none-eabi/lib/thumb/v6-m/nofp/libc.a(lib_a-calloc.o) (_calloc_r)
/usr/lib/gcc/arm-none-eabi/10.3.1/../../../arm-none-eabi/lib/thumb/v6-m/nofp/libc.a(lib_a-fini.o)
                              /usr/lib/gcc/arm-none-eabi/10.3.1/../../../arm-none-eabi/lib/thumb/v6-m/nofp/crt0.o (__libc_fini_array)
/usr/lib/gcc/arm-none-eabi/10.3.1/../../../arm-none-eabi/lib/thumb/v6-m/nofp/libc.a(lib_a-impure.o)
                              /usr/lib/gcc/arm-none-eabi/10.3.1/../../../arm-none-eabi/lib/thumb/v6-m/nofp/libc.a(lib_a-calloc.o) (_impure_ptr)
/usr/lib/gcc/arm-none-eabi/10.3.1/../../../arm-none-eabi/lib/thumb/v6-m/nofp/libc.a(lib_a-init.o)
                              /usr/lib/gcc/arm-none-eabi/10.3.1/../../../arm-none-eabi/lib/thumb/v6-m/nofp/crt0.o (__libc_init_array)
/usr/lib/gcc/arm-none-eabi/10.3.1/../../../arm-none-eabi/lib/thumb/v6-m/nofp/libc.a(lib_a-malloc.o)
                              CMakeFiles/hello_rp2040.dir/home/fabio/pico/pico-sdk/src/rp2_common/pico_malloc/pico_malloc.c.obj (malloc)
/usr/lib/gcc/arm-none-eabi/10.3.1/../../../arm-none-eabi/lib/thumb/v6-m/nofp/libc.a(lib_a-mallocr.o)
                              /usr/lib/gcc/arm-none-eabi/10.3.1/../../../arm-none-eabi/lib/thumb/v6-m/nofp/libc.a(lib_a-callocr.o) (_malloc_r)
/usr/lib/gcc/arm-none-eabi/10.3.1/../../../arm-none-eabi/lib/thumb/v6-m/nofp/libc.a(lib_a-mlock.o)
                              /usr/lib/gcc/arm-none-eabi/10.3.1/../../../arm-none-eabi/lib/thumb/v6-m/nofp/libc.a(lib_a-mallocr.o) (__malloc_lock)
/usr/lib/gcc/arm-none-eabi/10.3.1/../../../arm-none-eabi/lib/thumb/v6-m/nofp/libc.a(lib_a-realloc.o)
                              CMakeFiles/hello_rp2040.dir/home/fabio/pico/pico-sdk/src/rp2_common/pico_malloc/pico_malloc.c.obj (realloc)
/usr/lib/gcc/arm-none-eabi/10.3.1/../../../arm-none-eabi/lib/thumb/v6-m/nofp/libc.a(lib_a-reallocr.o)
                              /usr/lib/gcc/arm-none-eabi/10.3.1/../../../arm-none-eabi/lib/thumb/v6-m/nofp/libc.a(lib_a-realloc.o) (_realloc_r)
/usr/lib/gcc/arm-none-eabi/10.3.1/../../../arm-none-eabi/lib/thumb/v6-m/nofp/libc.a(lib_a-sbrkr.o)
                              /usr/lib/gcc/arm-none-eabi/10.3.1/../../../arm-none-eabi/lib/thumb/v6-m/nofp/libc.a(lib_a-mallocr.o) (_sbrk_r)
/usr/lib/gcc/arm-none-eabi/10.3.1/../../../arm-none-eabi/lib/thumb/v6-m/nofp/libc.a(lib_a-strlen-stub.o)
                              CMakeFiles/hello_rp2040.dir/home/fabio/pico/pico-sdk/src/rp2_common/pico_stdio/stdio.c.obj (strlen)
/usr/lib/gcc/arm-none-eabi/10.3.1/../../../arm-none-eabi/lib/thumb/v6-m/nofp/libc.a(lib_a-__atexit.o)
                              /usr/lib/gcc/arm-none-eabi/10.3.1/../../../arm-none-eabi/lib/thumb/v6-m/nofp/libc.a(lib_a-atexit.o) (__register_exitproc)
/usr/lib/gcc/arm-none-eabi/10.3.1/../../../arm-none-eabi/lib/thumb/v6-m/nofp/libc.a(lib_a-freer.o)
                              /usr/lib/gcc/arm-none-eabi/10.3.1/../../../arm-none-eabi/lib/thumb/v6-m/nofp/libc.a(lib_a-malloc.o) (_free_r)
/usr/lib/gcc/arm-none-eabi/10.3.1/../../../arm-none-eabi/lib/thumb/v6-m/nofp/libc.a(lib_a-memmove.o)
                              /usr/lib/gcc/arm-none-eabi/10.3.1/../../../arm-none-eabi/lib/thumb/v6-m/nofp/libc.a(lib_a-reallocr.o) (memmove)
/usr/lib/gcc/arm-none-eabi/10.3.1/../../../arm-none-eabi/lib/thumb/v6-m/nofp/libc.a(lib_a-reent.o)
                              /usr/lib/gcc/arm-none-eabi/10.3.1/../../../arm-none-eabi/lib/thumb/v6-m/nofp/libc.a(lib_a-sbrkr.o) (errno)

Discarded input sections

 .text          0x0000000000000000        0x0 /usr/lib/gcc/arm-none-eabi/10.3.1/thumb/v6-m/nofp/crti.o
 .data          0x0000000000000000        0x0 /usr/lib/gcc/arm-none-eabi/10.3.1/thumb/v6-m/nofp/crti.o
 .bss           0x0000000000000000        0x0 /usr/lib/gcc/arm-none-eabi/10.3.1/thumb/v6-m/nofp/crti.o
 .data          0x0000000000000000        0x4 /usr/lib/gcc/arm-none-eabi/10.3.1/thumb/v6-m/nofp/crtbegin.o
 .rodata        0x0000000000000000       0x24 /usr/lib/gcc/arm-none-eabi/10.3.1/thumb/v6-m/nofp/crtbegin.o
[...]
Memory Configuration

Name             Origin             Length             Attributes
FLASH            0x0000000010000000 0x0000000000200000 xr
RAM              0x0000000020000000 0x0000000000040000 xrw
SCRATCH_X        0x0000000020040000 0x0000000000001000 xrw
SCRATCH_Y        0x0000000020041000 0x0000000000001000 xrw
*default*        0x0000000000000000 0xffffffffffffffff

Linker script and memory map

LOAD /usr/lib/gcc/arm-none-eabi/10.3.1/thumb/v6-m/nofp/crti.o
LOAD /usr/lib/gcc/arm-none-eabi/10.3.1/thumb/v6-m/nofp/crtbegin.o
LOAD /usr/lib/gcc/arm-none-eabi/10.3.1/../../../arm-none-eabi/lib/thumb/v6-m/nofp/crt0.o

.flash_begin    0x0000000010000000        0x0
                0x0000000010000000                __flash_binary_start = .

.boot2          0x0000000010000000      0x100
                0x0000000010000000                __boot2_start__ = .
 *(.boot2)
 .boot2         0x0000000010000000      0x100 /tmp/ccW1pGNm.o
                0x0000000010000100                __boot2_end__ = .
                0x0000000000000001                ASSERT (((__boot2_end__ - __boot2_start__) == 0x100), ERROR: Pico second stage bootloader must be 256 bytes in size)

.text           0x0000000010000100     0x4d70
                0x0000000010000100                __logical_binary_start = .
 *(.vectors)
 .vectors       0x0000000010000100       0xd4 CMakeFiles/hello_rp2040.dir/home/fabio/pico/pico-sdk/src/rp2_common/pico_standard_link/crt0.S.obj
                0x0000000010000100                __vectors
                0x0000000010000100                __VECTOR_TABLE
                0x00000000100001c0                isr_invalid
                0x00000000100001c0                __default_isrs_start
                0x00000000100001c2                isr_nmi
                0x00000000100001c4                isr_hardfault
                0x00000000100001c6                isr_svcall
                0x00000000100001c8                isr_pendsv
                0x00000000100001ca                isr_systick
                0x00000000100001cc                isr_irq30
                0x00000000100001cc                __unhandled_user_irq
                0x00000000100001cc                isr_irq13
                0x00000000100001cc                isr_irq27
                0x00000000100001cc                isr_irq31
                0x00000000100001cc                isr_irq5
                0x00000000100001cc                isr_irq11
                0x00000000100001cc                isr_irq23
                0x00000000100001cc                isr_irq18
                0x00000000100001cc                isr_irq28
                0x00000000100001cc                isr_irq19
                0x00000000100001cc                isr_irq0
                0x00000000100001cc                isr_irq6
                0x00000000100001cc                isr_irq22
                0x00000000100001cc                isr_irq17
                0x00000000100001cc                isr_irq14
                0x00000000100001cc                isr_irq2
                0x00000000100001cc                isr_irq10
                0x00000000100001cc                isr_irq8
                0x00000000100001cc                isr_irq24
                0x00000000100001cc                isr_irq1
                0x00000000100001cc                isr_irq7
                0x00000000100001cc                isr_irq21
                0x00000000100001cc                isr_irq20
                0x00000000100001cc                isr_irq15
                0x00000000100001cc                isr_irq25
                0x00000000100001cc                isr_irq4
                0x00000000100001cc                isr_irq16
                0x00000000100001cc                isr_irq29
                0x00000000100001cc                isr_irq26
                0x00000000100001cc                __default_isrs_end
                0x00000000100001cc                isr_irq3
                0x00000000100001cc                isr_irq12
                0x00000000100001cc                isr_irq9
                0x00000000100001d2                unhandled_user_irq_num_in_r0
 *(.binary_info_header)
 .binary_info_header
                0x00000000100001d4       0x14 CMakeFiles/hello_rp2040.dir/home/fabio/pico/pico-sdk/src/rp2_common/pico_standard_link/crt0.S.obj
                0x00000000100001e8                __binary_info_header_end = .
 *(.reset)
 .reset         0x00000000100001e8       0xa8 CMakeFiles/hello_rp2040.dir/home/fabio/pico/pico-sdk/src/rp2_common/pico_standard_link/crt0.S.obj
                0x00000000100001e8                _entry_point
                0x0000000010000266                __get_current_exception
 .reset         0x0000000010000290       0x30 CMakeFiles/hello_rp2040.dir/home/fabio/pico/pico-sdk/src/rp2_common/pico_standard_link/binary_info.c.obj
 *(.init)
 .init          0x00000000100002c0        0x4 /usr/lib/gcc/arm-none-eabi/10.3.1/thumb/v6-m/nofp/crti.o
                0x00000000100002c0                _init
 *(EXCLUDE_FILE(*libm.a: *libc.a:*lib_a-mem*.o *libgcc.a:) .text*)
 .text          0x00000000100002c4       0x98 /usr/lib/gcc/arm-none-eabi/10.3.1/thumb/v6-m/nofp/crtbegin.o
 .text.startup.main
                0x000000001000035c       0x38 CMakeFiles/hello_rp2040.dir/hello_rp2040.c.obj
                0x000000001000035c                main
 .text.gpio_init
                0x0000000010000394       0x3c CMakeFiles/hello_rp2040.dir/home/fabio/pico/pico-sdk/src/rp2_common/hardware_gpio/gpio.c.obj
                0x0000000010000394                gpio_init
 .text.hw_claim_or_assert
                0x00000000100003d0       0x44 CMakeFiles/hello_rp2040.dir/home/fabio/pico/pico-sdk/src/rp2_common/hardware_claim/claim.c.obj
                0x00000000100003d0                hw_claim_or_assert
 .text.hw_claim_unused_from_range
                0x0000000010000414       0x9c CMakeFiles/hello_rp2040.dir/home/fabio/pico/pico-sdk/src/rp2_common/hardware_claim/claim.c.obj
                0x0000000010000414                hw_claim_unused_from_range
 .text.running_on_fpga
                0x00000000100004b0       0x10 CMakeFiles/hello_rp2040.dir/home/fabio/pico/pico-sdk/src/rp2_common/pico_platform/platform.c.obj
                0x00000000100004b0                running_on_fpga
 .text.spin_locks_reset
                0x00000000100004c0       0x1c CMakeFiles/hello_rp2040.dir/home/fabio/pico/pico-sdk/src/rp2_common/hardware_sync/sync.c.obj
                0x00000000100004c0                spin_locks_reset
 .text.next_striped_spin_lock_num
                0x00000000100004dc       0x18 CMakeFiles/hello_rp2040.dir/home/fabio/pico/pico-sdk/src/rp2_common/hardware_sync/sync.c.obj
                0x00000000100004dc                next_striped_spin_lock_num
 .text.spin_lock_claim_unused
                0x00000000100004f4       0x20 CMakeFiles/hello_rp2040.dir/home/fabio/pico/pico-sdk/src/rp2_common/hardware_sync/sync.c.obj
                0x00000000100004f4                spin_lock_claim_unused
 .text.irq_set_enabled
                0x0000000010000514       0x24 CMakeFiles/hello_rp2040.dir/home/fabio/pico/pico-sdk/src/rp2_common/hardware_irq/irq.c.obj
                0x0000000010000514                irq_set_enabled
 .text.irq_set_pending
                0x0000000010000538       0x10 CMakeFiles/hello_rp2040.dir/home/fabio/pico/pico-sdk/src/rp2_common/hardware_irq/irq.c.obj
                0x0000000010000538                irq_set_pending
 .text.irq_has_shared_handler
                0x0000000010000548       0x2c CMakeFiles/hello_rp2040.dir/home/fabio/pico/pico-sdk/src/rp2_common/hardware_irq/irq.c.obj
                0x0000000010000548                irq_has_shared_handler
 .text.irq_get_vtable_handler
                0x0000000010000574       0x10 CMakeFiles/hello_rp2040.dir/home/fabio/pico/pico-sdk/src/rp2_common/hardware_irq/irq.c.obj
                0x0000000010000574                irq_get_vtable_handler
 .text.irq_set_exclusive_handler
                0x0000000010000584       0x54 CMakeFiles/hello_rp2040.dir/home/fabio/pico/pico-sdk/src/rp2_common/hardware_irq/irq.c.obj
                0x0000000010000584                irq_set_exclusive_handler
 .text.irq_add_shared_handler
                0x00000000100005d8      0x1e4 CMakeFiles/hello_rp2040.dir/home/fabio/pico/pico-sdk/src/rp2_common/hardware_irq/irq.c.obj
                0x00000000100005d8                irq_add_shared_handler
 .text.irq_remove_handler
                0x00000000100007bc      0x1b4 CMakeFiles/hello_rp2040.dir/home/fabio/pico/pico-sdk/src/rp2_common/hardware_irq/irq.c.obj
                0x00000000100007bc                irq_remove_handler
 .text.irq_add_tail_to_free_list
                0x0000000010000970       0xb4 CMakeFiles/hello_rp2040.dir/home/fabio/pico/pico-sdk/src/rp2_common/hardware_irq/irq.c.obj
                0x0000000010000970                irq_add_tail_to_free_list
 .text.irq_init_priorities
                0x0000000010000a24       0x24 CMakeFiles/hello_rp2040.dir/home/fabio/pico/pico-sdk/src/rp2_common/hardware_irq/irq.c.obj
                0x0000000010000a24                irq_init_priorities
 .text.user_irq_claim_unused
                0x0000000010000a48       0x30 CMakeFiles/hello_rp2040.dir/home/fabio/pico/pico-sdk/src/rp2_common/hardware_irq/irq.c.obj
                0x0000000010000a48                user_irq_claim_unused
 .text.lock_init
                0x0000000010000a78       0x10 CMakeFiles/hello_rp2040.dir/home/fabio/pico/pico-sdk/src/common/pico_sync/lock_core.c.obj
                0x0000000010000a78                lock_init
 .text.timer_pool_entry_comparator
                0x0000000010000a88       0x34 CMakeFiles/hello_rp2040.dir/home/fabio/pico/pico-sdk/src/common/pico_time/time.c.obj
                0x0000000010000a88                timer_pool_entry_comparator
 .text.sleep_until_callback
                0x0000000010000abc       0x30 CMakeFiles/hello_rp2040.dir/home/fabio/pico/pico-sdk/src/common/pico_time/time.c.obj
 .text.add_alarm_under_lock.isra.0
                0x0000000010000aec      0x100 CMakeFiles/hello_rp2040.dir/home/fabio/pico/pico-sdk/src/common/pico_time/time.c.obj
 .text.alarm_pool_alarm_callback
                0x0000000010000bec      0x1c8 CMakeFiles/hello_rp2040.dir/home/fabio/pico/pico-sdk/src/common/pico_time/time.c.obj
 .text.alarm_pool_add_alarm_at.constprop.0
                0x0000000010000db4      0x11c CMakeFiles/hello_rp2040.dir/home/fabio/pico/pico-sdk/src/common/pico_time/time.c.obj
 .text.alarm_pool_init_default
                0x0000000010000ed0       0x64 CMakeFiles/hello_rp2040.dir/home/fabio/pico/pico-sdk/src/common/pico_time/time.c.obj
                0x0000000010000ed0                alarm_pool_init_default
 .text.alarm_pool_get_default
                0x0000000010000f34        0x8 CMakeFiles/hello_rp2040.dir/home/fabio/pico/pico-sdk/src/common/pico_time/time.c.obj
                0x0000000010000f34                alarm_pool_get_default
 .text.alarm_pool_add_alarm_at
                0x0000000010000f3c      0x194 CMakeFiles/hello_rp2040.dir/home/fabio/pico/pico-sdk/src/common/pico_time/time.c.obj
                0x0000000010000f3c                alarm_pool_add_alarm_at
 .text.sleep_until
                0x00000000100010d0       0xac CMakeFiles/hello_rp2040.dir/home/fabio/pico/pico-sdk/src/common/pico_time/time.c.obj
                0x00000000100010d0                sleep_until
 .text.sleep_ms
                0x000000001000117c       0x38 CMakeFiles/hello_rp2040.dir/home/fabio/pico/pico-sdk/src/common/pico_time/time.c.obj
                0x000000001000117c                sleep_ms
 .text.best_effort_wfe_or_timeout
                0x00000000100011b4       0xd4 CMakeFiles/hello_rp2040.dir/home/fabio/pico/pico-sdk/src/common/pico_time/time.c.obj
                0x00000000100011b4                best_effort_wfe_or_timeout
 .text.hardware_alarm_irq_handler
                0x0000000010001288       0xb8 CMakeFiles/hello_rp2040.dir/home/fabio/pico/pico-sdk/src/rp2_common/hardware_timer/timer.c.obj
 .text.hardware_alarm_claim
                0x0000000010001340       0x18 CMakeFiles/hello_rp2040.dir/home/fabio/pico/pico-sdk/src/rp2_common/hardware_timer/timer.c.obj
                0x0000000010001340                hardware_alarm_claim
 .text.time_us_64
                0x0000000010001358       0x14 CMakeFiles/hello_rp2040.dir/home/fabio/pico/pico-sdk/src/rp2_common/hardware_timer/timer.c.obj
                0x0000000010001358                time_us_64
 .text.busy_wait_until
                0x000000001000136c       0x20 CMakeFiles/hello_rp2040.dir/home/fabio/pico/pico-sdk/src/rp2_common/hardware_timer/timer.c.obj
                0x000000001000136c                busy_wait_until
 .text.hardware_alarm_set_callback
                0x000000001000138c       0x8c CMakeFiles/hello_rp2040.dir/home/fabio/pico/pico-sdk/src/rp2_common/hardware_timer/timer.c.obj
                0x000000001000138c                hardware_alarm_set_callback
 .text.hardware_alarm_set_target
                0x0000000010001418       0xe0 CMakeFiles/hello_rp2040.dir/home/fabio/pico/pico-sdk/src/rp2_common/hardware_timer/timer.c.obj
                0x0000000010001418                hardware_alarm_set_target
 .text.hardware_alarm_cancel
                0x00000000100014f8       0x3c CMakeFiles/hello_rp2040.dir/home/fabio/pico/pico-sdk/src/rp2_common/hardware_timer/timer.c.obj
                0x00000000100014f8                hardware_alarm_cancel
 .text.ph_merge_nodes
                0x0000000010001534       0x68 CMakeFiles/hello_rp2040.dir/home/fabio/pico/pico-sdk/src/common/pico_util/pheap.c.obj
 .text.ph_post_alloc_init
                0x000000001000159c       0x3c CMakeFiles/hello_rp2040.dir/home/fabio/pico/pico-sdk/src/common/pico_util/pheap.c.obj
                0x000000001000159c                ph_post_alloc_init
 .text.ph_merge_two_pass
                0x00000000100015d8       0x90 CMakeFiles/hello_rp2040.dir/home/fabio/pico/pico-sdk/src/common/pico_util/pheap.c.obj
                0x00000000100015d8                ph_merge_two_pass
 .text.ph_remove_any_head
                0x0000000010001668       0xf8 CMakeFiles/hello_rp2040.dir/home/fabio/pico/pico-sdk/src/common/pico_util/pheap.c.obj
 .text.ph_remove_head
                0x0000000010001760       0xfc CMakeFiles/hello_rp2040.dir/home/fabio/pico/pico-sdk/src/common/pico_util/pheap.c.obj
                0x0000000010001760                ph_remove_head
 .text.ph_remove_and_free_node
                0x000000001000185c       0x7c CMakeFiles/hello_rp2040.dir/home/fabio/pico/pico-sdk/src/common/pico_util/pheap.c.obj
                0x000000001000185c                ph_remove_and_free_node
 .text.mutex_init
                0x00000000100018d8       0x1c CMakeFiles/hello_rp2040.dir/home/fabio/pico/pico-sdk/src/common/pico_sync/mutex.c.obj
                0x00000000100018d8                mutex_init
 .text.recursive_mutex_init
                0x00000000100018f4       0x1c CMakeFiles/hello_rp2040.dir/home/fabio/pico/pico-sdk/src/common/pico_sync/mutex.c.obj
                0x00000000100018f4                recursive_mutex_init
 .text.critical_section_init
                0x0000000010001910       0x20 CMakeFiles/hello_rp2040.dir/home/fabio/pico/pico-sdk/src/common/pico_sync/critical_section.c.obj
                0x0000000010001910                critical_section_init
 .text.runtime_init
                0x0000000010001930       0xf0 CMakeFiles/hello_rp2040.dir/home/fabio/pico/pico-sdk/src/rp2_common/pico_runtime/runtime.c.obj
                0x0000000010001930                runtime_init
 .text.exit     0x0000000010001a20        0x4 CMakeFiles/hello_rp2040.dir/home/fabio/pico/pico-sdk/src/rp2_common/pico_runtime/runtime.c.obj
                0x0000000010001a20                exit
 .text.panic    0x0000000010001a24       0x30 CMakeFiles/hello_rp2040.dir/home/fabio/pico/pico-sdk/src/rp2_common/pico_runtime/runtime.c.obj
                0x0000000010001a24                panic
 .text.hard_assertion_failure
                0x0000000010001a54        0xc CMakeFiles/hello_rp2040.dir/home/fabio/pico/pico-sdk/src/rp2_common/pico_runtime/runtime.c.obj
                0x0000000010001a54                hard_assertion_failure
 .text.clocks_init
                0x0000000010001a60      0x2bc CMakeFiles/hello_rp2040.dir/home/fabio/pico/pico-sdk/src/rp2_common/hardware_clocks/clocks.c.obj
                0x0000000010001a60                clocks_init
 .text.pll_init
                0x0000000010001d1c       0xb0 CMakeFiles/hello_rp2040.dir/home/fabio/pico/pico-sdk/src/rp2_common/hardware_pll/pll.c.obj
                0x0000000010001d1c                pll_init
 .text.watchdog_start_tick
                0x0000000010001dcc       0x10 CMakeFiles/hello_rp2040.dir/home/fabio/pico/pico-sdk/src/rp2_common/hardware_watchdog/watchdog.c.obj
                0x0000000010001dcc                watchdog_start_tick
 .text.watchdog_reboot
                0x0000000010001ddc       0x98 CMakeFiles/hello_rp2040.dir/home/fabio/pico/pico-sdk/src/rp2_common/hardware_watchdog/watchdog.c.obj
                0x0000000010001ddc                watchdog_reboot
 .text.xosc_init
                0x0000000010001e74       0x28 CMakeFiles/hello_rp2040.dir/home/fabio/pico/pico-sdk/src/rp2_common/hardware_xosc/xosc.c.obj
                0x0000000010001e74                xosc_init
 .text._out_char
                0x0000000010001e9c       0x10 CMakeFiles/hello_rp2040.dir/home/fabio/pico/pico-sdk/src/rp2_common/pico_printf/printf.c.obj
 .text.weak_raw_vprintf
                0x0000000010001eac       0x30 CMakeFiles/hello_rp2040.dir/home/fabio/pico/pico-sdk/src/rp2_common/pico_printf/printf.c.obj
                0x0000000010001eac                weak_raw_vprintf
 .text          0x0000000010001edc       0x10 CMakeFiles/hello_rp2040.dir/home/fabio/pico/pico-sdk/src/rp2_common/pico_bit_ops/bit_ops_aeabi.S.obj
 .text.rom_func_lookup
                0x0000000010001eec       0x10 CMakeFiles/hello_rp2040.dir/home/fabio/pico/pico-sdk/src/rp2_common/pico_bootrom/bootrom.c.obj
                0x0000000010001eec                rom_func_lookup
 .text.rom_data_lookup
                0x0000000010001efc       0x10 CMakeFiles/hello_rp2040.dir/home/fabio/pico/pico-sdk/src/rp2_common/pico_bootrom/bootrom.c.obj
                0x0000000010001efc                rom_data_lookup
 .text.rom_funcs_lookup
                0x0000000010001f0c       0x44 CMakeFiles/hello_rp2040.dir/home/fabio/pico/pico-sdk/src/rp2_common/pico_bootrom/bootrom.c.obj
                0x0000000010001f0c                rom_funcs_lookup
 .text.__wrap___aeabi_uidiv
                0x0000000010001f50       0x4c CMakeFiles/hello_rp2040.dir/home/fabio/pico/pico-sdk/src/rp2_common/pico_divider/divider.S.obj
                0x0000000010001f50                __wrap___aeabi_uidiv
                0x0000000010001f50                __wrap___aeabi_uidivmod
                0x0000000010001f50                div_u32u32
                0x0000000010001f50                divmod_u32u32
                0x0000000010001f58                divmod_u32u32_unsafe
                0x0000000010001f80                divmod_u32u32_savestate
 .text.__aeabi_double_init
                0x0000000010001f9c       0x94 CMakeFiles/hello_rp2040.dir/home/fabio/pico/pico-sdk/src/rp2_common/pico_double/double_init_rom.c.obj
                0x0000000010001f9c                __aeabi_double_init
 .text.double_table_shim_on_use_helper
                0x0000000010002030       0x2c CMakeFiles/hello_rp2040.dir/home/fabio/pico/pico-sdk/src/rp2_common/pico_double/double_v1_rom_shim.S.obj
                0x0000000010002030                double_table_shim_on_use_helper
 .text.__aeabi_lmul
                0x000000001000205c       0x32 CMakeFiles/hello_rp2040.dir/home/fabio/pico/pico-sdk/src/rp2_common/pico_int64_ops/pico_int64_ops_aeabi.S.obj
                0x000000001000205c                __wrap___aeabi_lmul
 *fill*         0x000000001000208e        0x2 
 .text.__aeabi_float_init
                0x0000000010002090       0x64 CMakeFiles/hello_rp2040.dir/home/fabio/pico/pico-sdk/src/rp2_common/pico_float/float_init_rom.c.obj
                0x0000000010002090                __aeabi_float_init
 .text.float_table_shim_on_use_helper
                0x00000000100020f4       0x2c CMakeFiles/hello_rp2040.dir/home/fabio/pico/pico-sdk/src/rp2_common/pico_float/float_v1_rom_shim.S.obj
                0x00000000100020f4                float_table_shim_on_use_helper
 .text          0x0000000010002120       0x10 CMakeFiles/hello_rp2040.dir/home/fabio/pico/pico-sdk/src/rp2_common/pico_mem_ops/mem_ops_aeabi.S.obj
                0x0000000010002120                __aeabi_mem_init
 .text.memset   0x0000000010002130        0xc CMakeFiles/hello_rp2040.dir/home/fabio/pico/pico-sdk/src/rp2_common/pico_mem_ops/mem_ops_aeabi.S.obj
                0x0000000010002130                __wrap_memset
 .text.memcpy   0x000000001000213c        0xc CMakeFiles/hello_rp2040.dir/home/fabio/pico/pico-sdk/src/rp2_common/pico_mem_ops/mem_ops_aeabi.S.obj
                0x000000001000213c                __wrap___aeabi_memcpy
                0x000000001000213c                __wrap_memcpy
 .text.stdio_out_chars_no_crlf
                0x0000000010002148       0x10 CMakeFiles/hello_rp2040.dir/home/fabio/pico/pico-sdk/src/rp2_common/pico_stdio/stdio.c.obj
 .text.stdio_out_chars_crlf
                0x0000000010002158       0xb4 CMakeFiles/hello_rp2040.dir/home/fabio/pico/pico-sdk/src/rp2_common/pico_stdio/stdio.c.obj
 .text.stdio_put_string.isra.0
                0x000000001000220c       0xfc CMakeFiles/hello_rp2040.dir/home/fabio/pico/pico-sdk/src/rp2_common/pico_stdio/stdio.c.obj
 .text.__wrap_putchar
                0x0000000010002308       0xa0 CMakeFiles/hello_rp2040.dir/home/fabio/pico/pico-sdk/src/rp2_common/pico_stdio/stdio.c.obj
                0x0000000010002308                __wrap_putchar
 .text.__wrap_puts
                0x00000000100023a8       0x3c CMakeFiles/hello_rp2040.dir/home/fabio/pico/pico-sdk/src/rp2_common/pico_stdio/stdio.c.obj
                0x00000000100023a8                __wrap_puts
 .text.stdio_set_driver_enabled
                0x00000000100023e4       0x30 CMakeFiles/hello_rp2040.dir/home/fabio/pico/pico-sdk/src/rp2_common/pico_stdio/stdio.c.obj
                0x00000000100023e4                stdio_set_driver_enabled
 .text.stdio_init_all
                0x0000000010002414        0x8 CMakeFiles/hello_rp2040.dir/home/fabio/pico/pico-sdk/src/rp2_common/pico_stdio/stdio.c.obj
                0x0000000010002414                stdio_init_all
 .text.resetd_init
                0x000000001000241c        0x4 CMakeFiles/hello_rp2040.dir/home/fabio/pico/pico-sdk/src/rp2_common/pico_stdio_usb/reset_interface.c.obj
 .text.resetd_reset
                0x0000000010002420        0xc CMakeFiles/hello_rp2040.dir/home/fabio/pico/pico-sdk/src/rp2_common/pico_stdio_usb/reset_interface.c.obj
 .text.resetd_open
                0x000000001000242c       0x28 CMakeFiles/hello_rp2040.dir/home/fabio/pico/pico-sdk/src/rp2_common/pico_stdio_usb/reset_interface.c.obj
 .text.resetd_xfer_cb
                0x0000000010002454        0x4 CMakeFiles/hello_rp2040.dir/home/fabio/pico/pico-sdk/src/rp2_common/pico_stdio_usb/reset_interface.c.obj
 .text.resetd_control_xfer_cb
                0x0000000010002458       0x64 CMakeFiles/hello_rp2040.dir/home/fabio/pico/pico-sdk/src/rp2_common/pico_stdio_usb/reset_interface.c.obj
 .text.usbd_app_driver_get_cb
                0x00000000100024bc        0xc CMakeFiles/hello_rp2040.dir/home/fabio/pico/pico-sdk/src/rp2_common/pico_stdio_usb/reset_interface.c.obj
                0x00000000100024bc                usbd_app_driver_get_cb
 .text.tud_cdc_line_coding_cb
                0x00000000100024c8       0x34 CMakeFiles/hello_rp2040.dir/home/fabio/pico/pico-sdk/src/rp2_common/pico_stdio_usb/reset_interface.c.obj
                0x00000000100024c8                tud_cdc_line_coding_cb
 .text.stdio_usb_in_chars
                0x00000000100024fc       0x68 CMakeFiles/hello_rp2040.dir/home/fabio/pico/pico-sdk/src/rp2_common/pico_stdio_usb/stdio_usb.c.obj
                0x00000000100024fc                stdio_usb_in_chars
 .text.stdio_usb_out_chars
                0x0000000010002564       0xe4 CMakeFiles/hello_rp2040.dir/home/fabio/pico/pico-sdk/src/rp2_common/pico_stdio_usb/stdio_usb.c.obj
 .text.timer_task
                0x0000000010002648       0x18 CMakeFiles/hello_rp2040.dir/home/fabio/pico/pico-sdk/src/rp2_common/pico_stdio_usb/stdio_usb.c.obj
 .text.usb_irq  0x0000000010002660       0x10 CMakeFiles/hello_rp2040.dir/home/fabio/pico/pico-sdk/src/rp2_common/pico_stdio_usb/stdio_usb.c.obj
 .text.low_priority_worker_irq
                0x0000000010002670       0x24 CMakeFiles/hello_rp2040.dir/home/fabio/pico/pico-sdk/src/rp2_common/pico_stdio_usb/stdio_usb.c.obj
 .text.stdio_usb_init
                0x0000000010002694       0xb0 CMakeFiles/hello_rp2040.dir/home/fabio/pico/pico-sdk/src/rp2_common/pico_stdio_usb/stdio_usb.c.obj
                0x0000000010002694                stdio_usb_init
 .text.tud_descriptor_device_cb
                0x0000000010002744        0x8 CMakeFiles/hello_rp2040.dir/home/fabio/pico/pico-sdk/src/rp2_common/pico_stdio_usb/stdio_usb_descriptors.c.obj
                0x0000000010002744                tud_descriptor_device_cb
 .text.tud_descriptor_configuration_cb
                0x000000001000274c        0x8 CMakeFiles/hello_rp2040.dir/home/fabio/pico/pico-sdk/src/rp2_common/pico_stdio_usb/stdio_usb_descriptors.c.obj
                0x000000001000274c                tud_descriptor_configuration_cb
 .text.tud_descriptor_string_cb
                0x0000000010002754       0x74 CMakeFiles/hello_rp2040.dir/home/fabio/pico/pico-sdk/src/rp2_common/pico_stdio_usb/stdio_usb_descriptors.c.obj
                0x0000000010002754                tud_descriptor_string_cb
 .text.dcd_rp2040_irq
                0x00000000100027c8      0x21c CMakeFiles/hello_rp2040.dir/home/fabio/pico/pico-sdk/lib/tinyusb/src/portable/raspberrypi/rp2040/dcd_rp2040.c.obj
 .text.dcd_int_enable
                0x00000000100029e4        0xc CMakeFiles/hello_rp2040.dir/home/fabio/pico/pico-sdk/lib/tinyusb/src/portable/raspberrypi/rp2040/dcd_rp2040.c.obj
                0x00000000100029e4                dcd_int_enable
 .text.dcd_set_address
                0x00000000100029f0       0x14 CMakeFiles/hello_rp2040.dir/home/fabio/pico/pico-sdk/lib/tinyusb/src/portable/raspberrypi/rp2040/dcd_rp2040.c.obj
                0x00000000100029f0                dcd_set_address
 .text.dcd_connect
                0x0000000010002a04       0x10 CMakeFiles/hello_rp2040.dir/home/fabio/pico/pico-sdk/lib/tinyusb/src/portable/raspberrypi/rp2040/dcd_rp2040.c.obj
                0x0000000010002a04                dcd_connect
 .text.dcd_init
                0x0000000010002a14      0x144 CMakeFiles/hello_rp2040.dir/home/fabio/pico/pico-sdk/lib/tinyusb/src/portable/raspberrypi/rp2040/dcd_rp2040.c.obj
                0x0000000010002a14                dcd_init
 .text.dcd_edpt0_status_complete
                0x0000000010002b58       0x1c CMakeFiles/hello_rp2040.dir/home/fabio/pico/pico-sdk/lib/tinyusb/src/portable/raspberrypi/rp2040/dcd_rp2040.c.obj
                0x0000000010002b58                dcd_edpt0_status_complete
 .text.dcd_edpt_open
                0x0000000010002b74       0xf0 CMakeFiles/hello_rp2040.dir/home/fabio/pico/pico-sdk/lib/tinyusb/src/portable/raspberrypi/rp2040/dcd_rp2040.c.obj
                0x0000000010002b74                dcd_edpt_open
 .text.dcd_edpt_close_all
                0x0000000010002c64       0xbc CMakeFiles/hello_rp2040.dir/home/fabio/pico/pico-sdk/lib/tinyusb/src/portable/raspberrypi/rp2040/dcd_rp2040.c.obj
                0x0000000010002c64                dcd_edpt_close_all
 .text.dcd_edpt_xfer
                0x0000000010002d20       0x24 CMakeFiles/hello_rp2040.dir/home/fabio/pico/pico-sdk/lib/tinyusb/src/portable/raspberrypi/rp2040/dcd_rp2040.c.obj
                0x0000000010002d20                dcd_edpt_xfer
 .text.dcd_edpt_stall
                0x0000000010002d44       0x38 CMakeFiles/hello_rp2040.dir/home/fabio/pico/pico-sdk/lib/tinyusb/src/portable/raspberrypi/rp2040/dcd_rp2040.c.obj
                0x0000000010002d44                dcd_edpt_stall
 .text.dcd_edpt_clear_stall
                0x0000000010002d7c       0x30 CMakeFiles/hello_rp2040.dir/home/fabio/pico/pico-sdk/lib/tinyusb/src/portable/raspberrypi/rp2040/dcd_rp2040.c.obj
                0x0000000010002d7c                dcd_edpt_clear_stall
 .text._hw_endpoint_buffer_control_update32.part.0.isra.0
                0x0000000010002dac       0x1c CMakeFiles/hello_rp2040.dir/home/fabio/pico/pico-sdk/lib/tinyusb/src/portable/raspberrypi/rp2040/rp2040_usb.c.obj
 .text.rp2040_usb_init
                0x0000000010002dc8       0x4c CMakeFiles/hello_rp2040.dir/home/fabio/pico/pico-sdk/lib/tinyusb/src/portable/raspberrypi/rp2040/rp2040_usb.c.obj
                0x0000000010002dc8                rp2040_usb_init
 .text.hw_endpoint_reset_transfer
                0x0000000010002e14        0xc CMakeFiles/hello_rp2040.dir/home/fabio/pico/pico-sdk/lib/tinyusb/src/portable/raspberrypi/rp2040/rp2040_usb.c.obj
                0x0000000010002e14                hw_endpoint_reset_transfer
 .text._hw_endpoint_buffer_control_update32
                0x0000000010002e20       0x44 CMakeFiles/hello_rp2040.dir/home/fabio/pico/pico-sdk/lib/tinyusb/src/portable/raspberrypi/rp2040/rp2040_usb.c.obj
                0x0000000010002e20                _hw_endpoint_buffer_control_update32
 .text.hw_endpoint_xfer_start
                0x0000000010002e64      0x138 CMakeFiles/hello_rp2040.dir/home/fabio/pico/pico-sdk/lib/tinyusb/src/portable/raspberrypi/rp2040/rp2040_usb.c.obj
                0x0000000010002e64                hw_endpoint_xfer_start
 .text.hw_endpoint_xfer_continue
                0x0000000010002f9c      0x1e4 CMakeFiles/hello_rp2040.dir/home/fabio/pico/pico-sdk/lib/tinyusb/src/portable/raspberrypi/rp2040/rp2040_usb.c.obj
                0x0000000010002f9c                hw_endpoint_xfer_continue
 .text.tud_mounted
                0x0000000010003180       0x10 CMakeFiles/hello_rp2040.dir/home/fabio/pico/pico-sdk/lib/tinyusb/src/device/usbd.c.obj
                0x0000000010003180                tud_mounted
 .text.tud_suspended
                0x0000000010003190       0x10 CMakeFiles/hello_rp2040.dir/home/fabio/pico/pico-sdk/lib/tinyusb/src/device/usbd.c.obj
                0x0000000010003190                tud_suspended
 .text.tud_inited
                0x00000000100031a0        0xc CMakeFiles/hello_rp2040.dir/home/fabio/pico/pico-sdk/lib/tinyusb/src/device/usbd.c.obj
                0x00000000100031a0                tud_inited
 .text.tud_init
                0x00000000100031ac       0xd8 CMakeFiles/hello_rp2040.dir/home/fabio/pico/pico-sdk/lib/tinyusb/src/device/usbd.c.obj
                0x00000000100031ac                tud_init
 .text.tud_task
                0x0000000010003284      0x8ec CMakeFiles/hello_rp2040.dir/home/fabio/pico/pico-sdk/lib/tinyusb/src/device/usbd.c.obj
                0x0000000010003284                tud_task
 .text.dcd_event_bus_signal
                0x0000000010003b70      0x120 CMakeFiles/hello_rp2040.dir/home/fabio/pico/pico-sdk/lib/tinyusb/src/device/usbd.c.obj
                0x0000000010003b70                dcd_event_bus_signal
 .text.dcd_event_bus_reset
                0x0000000010003c90       0x54 CMakeFiles/hello_rp2040.dir/home/fabio/pico/pico-sdk/lib/tinyusb/src/device/usbd.c.obj
                0x0000000010003c90                dcd_event_bus_reset
 .text.dcd_event_setup_received
                0x0000000010003ce4       0x50 CMakeFiles/hello_rp2040.dir/home/fabio/pico/pico-sdk/lib/tinyusb/src/device/usbd.c.obj
                0x0000000010003ce4                dcd_event_setup_received
 .text.dcd_event_xfer_complete
                0x0000000010003d34       0x68 CMakeFiles/hello_rp2040.dir/home/fabio/pico/pico-sdk/lib/tinyusb/src/device/usbd.c.obj
                0x0000000010003d34                dcd_event_xfer_complete
 .text.usbd_open_edpt_pair
                0x0000000010003d9c       0x80 CMakeFiles/hello_rp2040.dir/home/fabio/pico/pico-sdk/lib/tinyusb/src/device/usbd.c.obj
                0x0000000010003d9c                usbd_open_edpt_pair
 .text.usbd_edpt_open
                0x0000000010003e1c       0x30 CMakeFiles/hello_rp2040.dir/home/fabio/pico/pico-sdk/lib/tinyusb/src/device/usbd.c.obj
                0x0000000010003e1c                usbd_edpt_open
 .text.usbd_edpt_claim
                0x0000000010003e4c       0x64 CMakeFiles/hello_rp2040.dir/home/fabio/pico/pico-sdk/lib/tinyusb/src/device/usbd.c.obj
                0x0000000010003e4c                usbd_edpt_claim
 .text.usbd_edpt_release
                0x0000000010003eb0       0x4c CMakeFiles/hello_rp2040.dir/home/fabio/pico/pico-sdk/lib/tinyusb/src/device/usbd.c.obj
                0x0000000010003eb0                usbd_edpt_release
 .text.usbd_edpt_xfer
                0x0000000010003efc       0x48 CMakeFiles/hello_rp2040.dir/home/fabio/pico/pico-sdk/lib/tinyusb/src/device/usbd.c.obj
                0x0000000010003efc                usbd_edpt_xfer
 .text.tud_control_status
                0x0000000010003f44       0x30 CMakeFiles/hello_rp2040.dir/home/fabio/pico/pico-sdk/lib/tinyusb/src/device/usbd_control.c.obj
                0x0000000010003f44                tud_control_status
 .text.tud_control_xfer
                0x0000000010003f74       0xbc CMakeFiles/hello_rp2040.dir/home/fabio/pico/pico-sdk/lib/tinyusb/src/device/usbd_control.c.obj
                0x0000000010003f74                tud_control_xfer
 .text.usbd_control_reset
                0x0000000010004030       0x14 CMakeFiles/hello_rp2040.dir/home/fabio/pico/pico-sdk/lib/tinyusb/src/device/usbd_control.c.obj
                0x0000000010004030                usbd_control_reset
 .text.usbd_control_set_complete_callback
                0x0000000010004044        0xc CMakeFiles/hello_rp2040.dir/home/fabio/pico/pico-sdk/lib/tinyusb/src/device/usbd_control.c.obj
                0x0000000010004044                usbd_control_set_complete_callback
 .text.usbd_control_set_request
                0x0000000010004050       0x1c CMakeFiles/hello_rp2040.dir/home/fabio/pico/pico-sdk/lib/tinyusb/src/device/usbd_control.c.obj
                0x0000000010004050                usbd_control_set_request
 .text.usbd_control_xfer_cb
                0x000000001000406c       0xfc CMakeFiles/hello_rp2040.dir/home/fabio/pico/pico-sdk/lib/tinyusb/src/device/usbd_control.c.obj
                0x000000001000406c                usbd_control_xfer_cb
 .text.tud_cdc_n_connected
                0x0000000010004168       0x30 CMakeFiles/hello_rp2040.dir/home/fabio/pico/pico-sdk/lib/tinyusb/src/class/cdc/cdc_device.c.obj
                0x0000000010004168                tud_cdc_n_connected
 .text.tud_cdc_n_available
                0x0000000010004198       0x18 CMakeFiles/hello_rp2040.dir/home/fabio/pico/pico-sdk/lib/tinyusb/src/class/cdc/cdc_device.c.obj
                0x0000000010004198                tud_cdc_n_available
 .text.tud_cdc_n_read
                0x00000000100041b0       0x70 CMakeFiles/hello_rp2040.dir/home/fabio/pico/pico-sdk/lib/tinyusb/src/class/cdc/cdc_device.c.obj
                0x00000000100041b0                tud_cdc_n_read
 .text.tud_cdc_n_write_flush
                0x0000000010004220       0x78 CMakeFiles/hello_rp2040.dir/home/fabio/pico/pico-sdk/lib/tinyusb/src/class/cdc/cdc_device.c.obj
                0x0000000010004220                tud_cdc_n_write_flush
 .text.tud_cdc_n_write
                0x0000000010004298       0x34 CMakeFiles/hello_rp2040.dir/home/fabio/pico/pico-sdk/lib/tinyusb/src/class/cdc/cdc_device.c.obj
                0x0000000010004298                tud_cdc_n_write
 .text.tud_cdc_n_write_available
                0x00000000100042cc       0x18 CMakeFiles/hello_rp2040.dir/home/fabio/pico/pico-sdk/lib/tinyusb/src/class/cdc/cdc_device.c.obj
                0x00000000100042cc                tud_cdc_n_write_available
 .text.cdcd_init
                0x00000000100042e4       0x7c CMakeFiles/hello_rp2040.dir/home/fabio/pico/pico-sdk/lib/tinyusb/src/class/cdc/cdc_device.c.obj
                0x00000000100042e4                cdcd_init
 .text.cdcd_reset
                0x0000000010004360       0x2c CMakeFiles/hello_rp2040.dir/home/fabio/pico/pico-sdk/lib/tinyusb/src/class/cdc/cdc_device.c.obj
                0x0000000010004360                cdcd_reset
 .text.cdcd_open
                0x000000001000438c       0xe4 CMakeFiles/hello_rp2040.dir/home/fabio/pico/pico-sdk/lib/tinyusb/src/class/cdc/cdc_device.c.obj
                0x000000001000438c                cdcd_open
 .text.cdcd_control_xfer_cb
                0x0000000010004470       0xe4 CMakeFiles/hello_rp2040.dir/home/fabio/pico/pico-sdk/lib/tinyusb/src/class/cdc/cdc_device.c.obj
                0x0000000010004470                cdcd_control_xfer_cb
 .text.cdcd_xfer_cb
                0x0000000010004554      0x148 CMakeFiles/hello_rp2040.dir/home/fabio/pico/pico-sdk/lib/tinyusb/src/class/cdc/cdc_device.c.obj
                0x0000000010004554                cdcd_xfer_cb
 .text.tusb_init
                0x000000001000469c        0xc CMakeFiles/hello_rp2040.dir/home/fabio/pico/pico-sdk/lib/tinyusb/src/tusb.c.obj
                0x000000001000469c                tusb_init
 .text.tusb_inited
                0x00000000100046a8        0x8 CMakeFiles/hello_rp2040.dir/home/fabio/pico/pico-sdk/lib/tinyusb/src/tusb.c.obj
                0x00000000100046a8                tusb_inited
 .text.tu_edpt_validate
                0x00000000100046b0       0x78 CMakeFiles/hello_rp2040.dir/home/fabio/pico/pico-sdk/lib/tinyusb/src/tusb.c.obj
                0x00000000100046b0                tu_edpt_validate
 .text.tu_edpt_bind_driver
                0x0000000010004728       0x2c CMakeFiles/hello_rp2040.dir/home/fabio/pico/pico-sdk/lib/tinyusb/src/tusb.c.obj
                0x0000000010004728                tu_edpt_bind_driver
 .text.tu_fifo_config
                0x0000000010004754       0x78 CMakeFiles/hello_rp2040.dir/home/fabio/pico/pico-sdk/lib/tinyusb/src/common/tusb_fifo.c.obj
                0x0000000010004754                tu_fifo_config
 .text.tu_fifo_count
                0x00000000100047cc       0x20 CMakeFiles/hello_rp2040.dir/home/fabio/pico/pico-sdk/lib/tinyusb/src/common/tusb_fifo.c.obj
                0x00000000100047cc                tu_fifo_count
 .text.tu_fifo_empty
                0x00000000100047ec       0x10 CMakeFiles/hello_rp2040.dir/home/fabio/pico/pico-sdk/lib/tinyusb/src/common/tusb_fifo.c.obj
                0x00000000100047ec                tu_fifo_empty
 .text.tu_fifo_remaining
                0x00000000100047fc       0x1c CMakeFiles/hello_rp2040.dir/home/fabio/pico/pico-sdk/lib/tinyusb/src/common/tusb_fifo.c.obj
                0x00000000100047fc                tu_fifo_remaining
 .text.tu_fifo_read
                0x0000000010004818       0x9c CMakeFiles/hello_rp2040.dir/home/fabio/pico/pico-sdk/lib/tinyusb/src/common/tusb_fifo.c.obj
                0x0000000010004818                tu_fifo_read
 .text.tu_fifo_read_n
                0x00000000100048b4      0x100 CMakeFiles/hello_rp2040.dir/home/fabio/pico/pico-sdk/lib/tinyusb/src/common/tusb_fifo.c.obj
                0x00000000100048b4                tu_fifo_read_n
 .text.tu_fifo_write
                0x00000000100049b4       0x7c CMakeFiles/hello_rp2040.dir/home/fabio/pico/pico-sdk/lib/tinyusb/src/common/tusb_fifo.c.obj
                0x00000000100049b4                tu_fifo_write
 .text.tu_fifo_write_n
                0x0000000010004a30      0x100 CMakeFiles/hello_rp2040.dir/home/fabio/pico/pico-sdk/lib/tinyusb/src/common/tusb_fifo.c.obj
                0x0000000010004a30                tu_fifo_write_n
 .text.tu_fifo_clear
                0x0000000010004b30       0x4c CMakeFiles/hello_rp2040.dir/home/fabio/pico/pico-sdk/lib/tinyusb/src/common/tusb_fifo.c.obj
                0x0000000010004b30                tu_fifo_clear
 .text.tu_fifo_set_overwritable
                0x0000000010004b7c       0x3c CMakeFiles/hello_rp2040.dir/home/fabio/pico/pico-sdk/lib/tinyusb/src/common/tusb_fifo.c.obj
                0x0000000010004b7c                tu_fifo_set_overwritable
 .text.startup._retrieve_unique_id_on_boot
                0x0000000010004bb8       0x10 CMakeFiles/hello_rp2040.dir/home/fabio/pico/pico-sdk/src/rp2_common/pico_unique_id/unique_id.c.obj
 .text.pico_get_unique_board_id_string
                0x0000000010004bc8      0x1a8 CMakeFiles/hello_rp2040.dir/home/fabio/pico/pico-sdk/src/rp2_common/pico_unique_id/unique_id.c.obj
                0x0000000010004bc8                pico_get_unique_board_id_string
 .text.flash_get_unique_id
                0x0000000010004d70       0x40 CMakeFiles/hello_rp2040.dir/home/fabio/pico/pico-sdk/src/rp2_common/hardware_flash/flash.c.obj
                0x0000000010004d70                flash_get_unique_id
 .text          0x0000000010004db0       0x5c /usr/lib/gcc/arm-none-eabi/10.3.1/../../../arm-none-eabi/lib/thumb/v6-m/nofp/libc.a(lib_a-strlen-stub.o)
                0x0000000010004db0                strlen
 *(.fini)
 .fini          0x0000000010004e0c        0x4 /usr/lib/gcc/arm-none-eabi/10.3.1/thumb/v6-m/nofp/crti.o
                0x0000000010004e0c                _fini
 .fini.__stub   0x0000000010004e10       0x60 linker stubs
 *crtbegin.o(.ctors)
 *crtbegin?.o(.ctors)
 *(EXCLUDE_FILE(*crtend.o *crtend?.o) .ctors)
 *(SORT_BY_NAME(.ctors.*))
 *(.ctors)
 *crtbegin.o(.dtors)
 *crtbegin?.o(.dtors)
 *(EXCLUDE_FILE(*crtend.o *crtend?.o) .dtors)
 *(SORT_BY_NAME(.dtors.*))
 *(.dtors)
 *(.eh_frame*)
 .eh_frame      0x0000000010004e70        0x0 /usr/lib/gcc/arm-none-eabi/10.3.1/thumb/v6-m/nofp/crtbegin.o
                0x0000000010004e70                . = ALIGN (0x4)

.glue_7         0x0000000010004e70        0x0
 .glue_7        0x0000000010004e70        0x0 linker stubs

.glue_7t        0x0000000010004e70        0x0
 .glue_7t       0x0000000010004e70        0x0 linker stubs

.vfp11_veneer   0x0000000010004e70        0x0
 .vfp11_veneer  0x0000000010004e70        0x0 linker stubs

.v4_bx          0x0000000010004e70        0x0
 .v4_bx         0x0000000010004e70        0x0 linker stubs

.iplt           0x0000000010004e70        0x0
 .iplt          0x0000000010004e70        0x0 /usr/lib/gcc/arm-none-eabi/10.3.1/thumb/v6-m/nofp/crtbegin.o

.rodata         0x0000000010004e70      0x2f8
 *(EXCLUDE_FILE(*libm.a: *libc.a:*lib_a-mem*.o *libgcc.a:) .rodata*)
 .rodata.main.str1.4
                0x0000000010004e70        0xe CMakeFiles/hello_rp2040.dir/hello_rp2040.c.obj
 *fill*         0x0000000010004e7e        0x2 
 .rodata.spin_lock_claim_unused.str1.4
                0x0000000010004e80       0x1b CMakeFiles/hello_rp2040.dir/home/fabio/pico/pico-sdk/src/rp2_common/hardware_sync/sync.c.obj
 *fill*         0x0000000010004e9b        0x1 
 .rodata.user_irq_claim_unused.str1.4
                0x0000000010004e9c       0x1b CMakeFiles/hello_rp2040.dir/home/fabio/pico/pico-sdk/src/rp2_common/hardware_irq/irq.c.obj
 *fill*         0x0000000010004eb7        0x1 
 .rodata.hardware_alarm_claim.str1.4
                0x0000000010004eb8       0x22 CMakeFiles/hello_rp2040.dir/home/fabio/pico/pico-sdk/src/rp2_common/hardware_timer/timer.c.obj
 *fill*         0x0000000010004eda        0x2 
 .rodata.panic.str1.4
                0x0000000010004edc       0x12 CMakeFiles/hello_rp2040.dir/home/fabio/pico/pico-sdk/src/rp2_common/pico_runtime/runtime.c.obj
 *fill*         0x0000000010004eee        0x2 
 .rodata.hard_assertion_failure.str1.4
                0x0000000010004ef0        0xc CMakeFiles/hello_rp2040.dir/home/fabio/pico/pico-sdk/src/rp2_common/pico_runtime/runtime.c.obj
 .rodata.str1.4
                0x0000000010004efc       0x48 CMakeFiles/hello_rp2040.dir/home/fabio/pico/pico-sdk/src/rp2_common/pico_standard_link/binary_info.c.obj
 .rodata.__bi_44
                0x0000000010004f44        0xc CMakeFiles/hello_rp2040.dir/home/fabio/pico/pico-sdk/src/rp2_common/pico_standard_link/binary_info.c.obj
 .rodata.__bi_56
                0x0000000010004f50        0xc CMakeFiles/hello_rp2040.dir/home/fabio/pico/pico-sdk/src/rp2_common/pico_standard_link/binary_info.c.obj
 .rodata.__bi_75
                0x0000000010004f5c        0xc CMakeFiles/hello_rp2040.dir/home/fabio/pico/pico-sdk/src/rp2_common/pico_standard_link/binary_info.c.obj
 .rodata.__bi_81
                0x0000000010004f68        0xc CMakeFiles/hello_rp2040.dir/home/fabio/pico/pico-sdk/src/rp2_common/pico_standard_link/binary_info.c.obj
 .rodata.crlf_str.0
                0x0000000010004f74        0x2 CMakeFiles/hello_rp2040.dir/home/fabio/pico/pico-sdk/src/rp2_common/pico_stdio/stdio.c.obj
 *fill*         0x0000000010004f76        0x2 
 .rodata._resetd_driver
                0x0000000010004f78       0x18 CMakeFiles/hello_rp2040.dir/home/fabio/pico/pico-sdk/src/rp2_common/pico_stdio_usb/reset_interface.c.obj
 .rodata.str1.4
                0x0000000010004f90       0x13 CMakeFiles/hello_rp2040.dir/home/fabio/pico/pico-sdk/src/rp2_common/pico_stdio_usb/stdio_usb.c.obj
 *fill*         0x0000000010004fa3        0x1 
 .rodata.__bi_118.0
                0x0000000010004fa4        0xc CMakeFiles/hello_rp2040.dir/home/fabio/pico/pico-sdk/src/rp2_common/pico_stdio_usb/stdio_usb.c.obj
 .rodata.str1.4
                0x0000000010004fb0       0x2a CMakeFiles/hello_rp2040.dir/home/fabio/pico/pico-sdk/src/rp2_common/pico_stdio_usb/stdio_usb_descriptors.c.obj
 *fill*         0x0000000010004fda        0x2 
 .rodata.usbd_desc_cfg
                0x0000000010004fdc       0x54 CMakeFiles/hello_rp2040.dir/home/fabio/pico/pico-sdk/src/rp2_common/pico_stdio_usb/stdio_usb_descriptors.c.obj
 .rodata.usbd_desc_device
                0x0000000010005030       0x12 CMakeFiles/hello_rp2040.dir/home/fabio/pico/pico-sdk/src/rp2_common/pico_stdio_usb/stdio_usb_descriptors.c.obj
 *fill*         0x0000000010005042        0x2 
 .rodata.usbd_desc_str
                0x0000000010005044       0x18 CMakeFiles/hello_rp2040.dir/home/fabio/pico/pico-sdk/src/rp2_common/pico_stdio_usb/stdio_usb_descriptors.c.obj
 .rodata.dcd_rp2040_irq.str1.4
                0x000000001000505c       0x14 CMakeFiles/hello_rp2040.dir/home/fabio/pico/pico-sdk/lib/tinyusb/src/portable/raspberrypi/rp2040/dcd_rp2040.c.obj
 .rodata._hw_endpoint_buffer_control_update32.part.0.isra.0.str1.4
                0x0000000010005070       0x1f CMakeFiles/hello_rp2040.dir/home/fabio/pico/pico-sdk/lib/tinyusb/src/portable/raspberrypi/rp2040/rp2040_usb.c.obj
 *fill*         0x000000001000508f        0x1 
 .rodata.hw_endpoint_xfer_continue.str1.4
                0x0000000010005090       0x29 CMakeFiles/hello_rp2040.dir/home/fabio/pico/pico-sdk/lib/tinyusb/src/portable/raspberrypi/rp2040/rp2040_usb.c.obj
 *fill*         0x00000000100050b9        0x3 
 .rodata.str1.4
                0x00000000100050bc        0x7 CMakeFiles/hello_rp2040.dir/home/fabio/pico/pico-sdk/lib/tinyusb/src/portable/raspberrypi/rp2040/rp2040_usb.c.obj
 *fill*         0x00000000100050c3        0x1 
 .rodata.tud_task
                0x00000000100050c4       0x8c CMakeFiles/hello_rp2040.dir/home/fabio/pico/pico-sdk/lib/tinyusb/src/device/usbd.c.obj
 .rodata._usbd_driver
                0x0000000010005150       0x18 CMakeFiles/hello_rp2040.dir/home/fabio/pico/pico-sdk/lib/tinyusb/src/device/usbd.c.obj
                0x0000000010005168                . = ALIGN (0x4)
 *(SORT_BY_ALIGNMENT(SORT_BY_NAME(.flashdata*)))
                0x0000000010005168                . = ALIGN (0x4)

.rel.dyn        0x0000000010005168        0x0
 .rel.iplt      0x0000000010005168        0x0 /usr/lib/gcc/arm-none-eabi/10.3.1/thumb/v6-m/nofp/crtbegin.o

.ARM.extab
 *(.ARM.extab* .gnu.linkonce.armextab.*)
                0x0000000010005168                __exidx_start = .

.ARM.exidx
 *(.ARM.exidx* .gnu.linkonce.armexidx.*)
                0x0000000010005168                __exidx_end = .
                0x0000000010005168                . = ALIGN (0x4)
                0x0000000010005168                __binary_info_start = .

.binary_info    0x0000000010005168       0x24
 *(.binary_info.keep.*)
 .binary_info.keep.__bi_ptr22
                0x0000000010005168        0x4 CMakeFiles/hello_rp2040.dir/home/fabio/pico/pico-sdk/src/rp2_common/pico_standard_link/binary_info.c.obj
 .binary_info.keep.__bi_ptr30
                0x000000001000516c        0x4 CMakeFiles/hello_rp2040.dir/home/fabio/pico/pico-sdk/src/rp2_common/pico_standard_link/binary_info.c.obj
 .binary_info.keep.__bi_ptr38
                0x0000000010005170        0x4 CMakeFiles/hello_rp2040.dir/home/fabio/pico/pico-sdk/src/rp2_common/pico_standard_link/binary_info.c.obj
 .binary_info.keep.__bi_ptr44
                0x0000000010005174        0x4 CMakeFiles/hello_rp2040.dir/home/fabio/pico/pico-sdk/src/rp2_common/pico_standard_link/binary_info.c.obj
 .binary_info.keep.__bi_ptr50
                0x0000000010005178        0x4 CMakeFiles/hello_rp2040.dir/home/fabio/pico/pico-sdk/src/rp2_common/pico_standard_link/binary_info.c.obj
 .binary_info.keep.__bi_ptr56
                0x000000001000517c        0x4 CMakeFiles/hello_rp2040.dir/home/fabio/pico/pico-sdk/src/rp2_common/pico_standard_link/binary_info.c.obj
 .binary_info.keep.__bi_ptr75
                0x0000000010005180        0x4 CMakeFiles/hello_rp2040.dir/home/fabio/pico/pico-sdk/src/rp2_common/pico_standard_link/binary_info.c.obj
 .binary_info.keep.__bi_ptr81
                0x0000000010005184        0x4 CMakeFiles/hello_rp2040.dir/home/fabio/pico/pico-sdk/src/rp2_common/pico_standard_link/binary_info.c.obj
 *(.binary_info.*)
 .binary_info.__bi_ptr118
                0x0000000010005188        0x4 CMakeFiles/hello_rp2040.dir/home/fabio/pico/pico-sdk/src/rp2_common/pico_stdio_usb/stdio_usb.c.obj
                0x000000001000518c                __binary_info_end = .
                0x000000001000518c                . = ALIGN (0x4)
                0x000000001000518c                __etext = .

.ram_vector_table
                0x0000000020000000       0xc0
 *(.ram_vector_table)
 .ram_vector_table
                0x0000000020000000       0xc0 CMakeFiles/hello_rp2040.dir/home/fabio/pico/pico-sdk/src/rp2_common/pico_runtime/runtime.c.obj
                0x0000000020000000                ram_vector_table

.data           0x00000000200000c0      0x3c0 load address 0x000000001000518c
                0x00000000200000c0                __data_start__ = .
 *(vtable)
 *(.time_critical*)
 .time_critical.mutex_enter_blocking
                0x00000000200000c0       0x48 CMakeFiles/hello_rp2040.dir/home/fabio/pico/pico-sdk/src/common/pico_sync/mutex.c.obj
                0x00000000200000c0                mutex_enter_blocking
 .time_critical.mutex_try_enter
                0x0000000020000108       0x44 CMakeFiles/hello_rp2040.dir/home/fabio/pico/pico-sdk/src/common/pico_sync/mutex.c.obj
                0x0000000020000108                mutex_try_enter
 .time_critical.mutex_enter_timeout_ms
                0x000000002000014c       0xa0 CMakeFiles/hello_rp2040.dir/home/fabio/pico/pico-sdk/src/common/pico_sync/mutex.c.obj
                0x000000002000014c                mutex_enter_timeout_ms
 .time_critical.mutex_exit
                0x00000000200001ec       0x28 CMakeFiles/hello_rp2040.dir/home/fabio/pico/pico-sdk/src/common/pico_sync/mutex.c.obj
                0x00000000200001ec                mutex_exit
 .time_critical.flash_init_boot2_copyout
                0x0000000020000214       0x30 CMakeFiles/hello_rp2040.dir/home/fabio/pico/pico-sdk/src/rp2_common/hardware_flash/flash.c.obj
 .time_critical.flash_enable_xip_via_boot2
                0x0000000020000244       0x10 CMakeFiles/hello_rp2040.dir/home/fabio/pico/pico-sdk/src/rp2_common/hardware_flash/flash.c.obj
 .time_critical.flash_cs_force
                0x0000000020000254       0x38 CMakeFiles/hello_rp2040.dir/home/fabio/pico/pico-sdk/src/rp2_common/hardware_flash/flash.c.obj
 .time_critical.flash_do_cmd
                0x000000002000028c       0xc4 CMakeFiles/hello_rp2040.dir/home/fabio/pico/pico-sdk/src/rp2_common/hardware_flash/flash.c.obj
                0x000000002000028c                flash_do_cmd
 *(.text*)
 .text          0x0000000020000350        0x4 /usr/lib/gcc/arm-none-eabi/10.3.1/thumb/v6-m/nofp/libgcc.a(_dvmd_tls.o)
                0x0000000020000350                __aeabi_ldiv0
                0x0000000020000350                __aeabi_idiv0
 *fill*         0x0000000020000354        0x4 
 .text.__stub   0x0000000020000358       0x30 linker stubs
                0x0000000020000388                . = ALIGN (0x4)
 *(.rodata*)
                0x0000000020000388                . = ALIGN (0x4)
 *(.data*)
 .data.striped_spin_lock_num
                0x0000000020000388        0x1 CMakeFiles/hello_rp2040.dir/home/fabio/pico/pico-sdk/src/rp2_common/hardware_sync/sync.c.obj
 *fill*         0x0000000020000389        0x3 
 .data          0x000000002000038c       0x48 CMakeFiles/hello_rp2040.dir/home/fabio/pico/pico-sdk/src/rp2_common/hardware_irq/irq_handler_chain.S.obj
                0x000000002000038c                irq_handler_chain_slots
                0x00000000200003bc                irq_handler_chain_first_slot
                0x00000000200003c6                irq_handler_chain_remove_tail
 .data.default_alarm_pool
                0x00000000200003d4       0x18 CMakeFiles/hello_rp2040.dir/home/fabio/pico/pico-sdk/src/common/pico_time/time.c.obj
 .data.default_alarm_pool_heap
                0x00000000200003ec       0x10 CMakeFiles/hello_rp2040.dir/home/fabio/pico/pico-sdk/src/common/pico_time/time.c.obj
 *fill*         0x00000000200003fc        0x4 
 .data.aeabi_bits_funcs
                0x0000000020000400       0x10 CMakeFiles/hello_rp2040.dir/home/fabio/pico/pico-sdk/src/rp2_common/pico_bit_ops/bit_ops_aeabi.S.obj
                0x0000000020000400                aeabi_bits_funcs
                0x0000000020000410                aeabi_bits_funcs_end
 .data.aeabi_mem_funcs
                0x0000000020000410       0x10 CMakeFiles/hello_rp2040.dir/home/fabio/pico/pico-sdk/src/rp2_common/pico_mem_ops/mem_ops_aeabi.S.obj
                0x0000000020000410                aeabi_mem_funcs
                0x0000000020000420                aeabi_mem_funcs_end
 .data.stdio_usb
                0x0000000020000420       0x14 CMakeFiles/hello_rp2040.dir/home/fabio/pico/pico-sdk/src/rp2_common/pico_stdio_usb/stdio_usb.c.obj
                0x0000000020000420                stdio_usb
 .data.ep_dir_string
                0x0000000020000434        0x8 CMakeFiles/hello_rp2040.dir/home/fabio/pico/pico-sdk/lib/tinyusb/src/portable/raspberrypi/rp2040/rp2040_usb.c.obj
                0x0000000020000434                ep_dir_string
 .data._usbd_qdef
                0x000000002000043c       0x24 CMakeFiles/hello_rp2040.dir/home/fabio/pico/pico-sdk/lib/tinyusb/src/device/usbd.c.obj
                0x000000002000043c                _usbd_qdef
                0x0000000020000460                . = ALIGN (0x4)
 *(.after_data.*)
                0x0000000020000460                . = ALIGN (0x4)
                0x0000000020000460                PROVIDE (__mutex_array_start = .)
 *(SORT_BY_NAME(.mutex_array.*))
 *(.mutex_array)
 .mutex_array   0x0000000020000460        0x8 CMakeFiles/hello_rp2040.dir/home/fabio/pico/pico-sdk/src/rp2_common/pico_stdio/stdio.c.obj
                0x0000000020000468                PROVIDE (__mutex_array_end = .)
                0x0000000020000468                . = ALIGN (0x4)
                0x0000000020000468                PROVIDE (__preinit_array_start = .)
 *(SORT_BY_NAME(.preinit_array.*))
 .preinit_array.00001
                0x0000000020000468        0x4 CMakeFiles/hello_rp2040.dir/home/fabio/pico/pico-sdk/src/rp2_common/pico_mem_ops/mem_ops_aeabi.S.obj
 .preinit_array.00010
                0x000000002000046c        0x4 CMakeFiles/hello_rp2040.dir/home/fabio/pico/pico-sdk/src/rp2_common/pico_bit_ops/bit_ops_aeabi.S.obj
 .preinit_array.00020
                0x0000000020000470        0x4 CMakeFiles/hello_rp2040.dir/home/fabio/pico/pico-sdk/src/rp2_common/pico_double/double_aeabi.S.obj
 .preinit_array.00020
                0x0000000020000474        0x4 CMakeFiles/hello_rp2040.dir/home/fabio/pico/pico-sdk/src/rp2_common/pico_float/float_aeabi.S.obj
 *(.preinit_array)
                0x0000000020000478                PROVIDE (__preinit_array_end = .)
                0x0000000020000478                . = ALIGN (0x4)
                0x0000000020000478                PROVIDE (__init_array_start = .)
 *(SORT_BY_NAME(.init_array.*))
 *(.init_array)
 .init_array    0x0000000020000478        0x4 /usr/lib/gcc/arm-none-eabi/10.3.1/thumb/v6-m/nofp/crtbegin.o
 .init_array    0x000000002000047c        0x4 CMakeFiles/hello_rp2040.dir/home/fabio/pico/pico-sdk/src/rp2_common/pico_unique_id/unique_id.c.obj
                0x0000000020000480                PROVIDE (__init_array_end = .)
                0x0000000020000480                . = ALIGN (0x4)
                0x0000000020000480                PROVIDE (__fini_array_start = .)
 *(SORT_BY_NAME(.fini_array.*))
 *(.fini_array)
                0x0000000020000480                PROVIDE (__fini_array_end = .)
 *(.jcr)
                0x0000000020000480                . = ALIGN (0x4)
                0x0000000020000480                __data_end__ = .

.tm_clone_table
                0x0000000020000480        0x0 load address 0x000000001000554c
 .tm_clone_table
                0x0000000020000480        0x0 /usr/lib/gcc/arm-none-eabi/10.3.1/thumb/v6-m/nofp/crtbegin.o
 .tm_clone_table
                0x0000000020000480        0x0 /usr/lib/gcc/arm-none-eabi/10.3.1/thumb/v6-m/nofp/crtend.o

.igot.plt       0x0000000020000480        0x0 load address 0x000000001000554c
 .igot.plt      0x0000000020000480        0x0 /usr/lib/gcc/arm-none-eabi/10.3.1/thumb/v6-m/nofp/crtbegin.o

.uninitialized_data
                0x0000000020000480        0x0 load address 0x000000001000554c
                0x0000000020000480                . = ALIGN (0x4)
 *(.uninitialized_data*)

.scratch_x      0x0000000020040000        0x0 load address 0x000000001000554c
                0x0000000020040000                __scratch_x_start__ = .
 *(.scratch_x.*)
                0x0000000020040000                . = ALIGN (0x4)
                0x0000000020040000                __scratch_x_end__ = .
                0x000000001000554c                __scratch_x_source__ = LOADADDR (.scratch_x)

.scratch_y      0x0000000020041000        0x0 load address 0x000000001000554c
                0x0000000020041000                __scratch_y_start__ = .
 *(.scratch_y.*)
                0x0000000020041000                . = ALIGN (0x4)
                0x0000000020041000                __scratch_y_end__ = .
                0x000000001000554c                __scratch_y_source__ = LOADADDR (.scratch_y)

.bss            0x0000000020000480      0xd88
                0x0000000020000480                . = ALIGN (0x4)
                0x0000000020000480                __bss_start__ = .
 *(SORT_BY_ALIGNMENT(SORT_BY_NAME(.bss*)))
 .bss.default_alarm_pool_entries
                0x0000000020000480      0x100 CMakeFiles/hello_rp2040.dir/home/fabio/pico/pico-sdk/src/common/pico_time/time.c.obj
 .bss.last_avail_time.1
                0x0000000020000580        0x8 CMakeFiles/hello_rp2040.dir/home/fabio/pico/pico-sdk/src/rp2_common/pico_stdio_usb/stdio_usb.c.obj
 .bss.sd_table  0x0000000020000588      0x100 CMakeFiles/hello_rp2040.dir/home/fabio/pico/pico-sdk/src/rp2_common/pico_double/double_init_rom.c.obj
                0x0000000020000588                sd_table
 .bss.sf_table  0x0000000020000688      0x100 CMakeFiles/hello_rp2040.dir/home/fabio/pico/pico-sdk/src/rp2_common/pico_float/float_init_rom.c.obj
                0x0000000020000688                sf_table
 .bss           0x0000000020000788       0x1c /usr/lib/gcc/arm-none-eabi/10.3.1/thumb/v6-m/nofp/crtbegin.o
 .bss._app_driver
                0x00000000200007a4        0x4 CMakeFiles/hello_rp2040.dir/home/fabio/pico/pico-sdk/lib/tinyusb/src/device/usbd.c.obj
 .bss._cdcd_itf
                0x00000000200007a8      0x2d8 CMakeFiles/hello_rp2040.dir/home/fabio/pico/pico-sdk/lib/tinyusb/src/class/cdc/cdc_device.c.obj
 .bss._ctrl_xfer
                0x0000000020000a80       0x14 CMakeFiles/hello_rp2040.dir/home/fabio/pico/pico-sdk/lib/tinyusb/src/device/usbd_control.c.obj
 .bss._ubsd_mutexdef
                0x0000000020000a94        0x8 CMakeFiles/hello_rp2040.dir/home/fabio/pico/pico-sdk/lib/tinyusb/src/device/usbd.c.obj
 .bss._usbd_ctrl_buf
                0x0000000020000a9c       0x40 CMakeFiles/hello_rp2040.dir/home/fabio/pico/pico-sdk/lib/tinyusb/src/device/usbd_control.c.obj
 .bss._usbd_dev
                0x0000000020000adc       0x53 CMakeFiles/hello_rp2040.dir/home/fabio/pico/pico-sdk/lib/tinyusb/src/device/usbd.c.obj
 *fill*         0x0000000020000b2f        0x1 
 .bss._usbd_mutex
                0x0000000020000b30        0x4 CMakeFiles/hello_rp2040.dir/home/fabio/pico/pico-sdk/lib/tinyusb/src/device/usbd.c.obj
 .bss._usbd_q   0x0000000020000b34        0x4 CMakeFiles/hello_rp2040.dir/home/fabio/pico/pico-sdk/lib/tinyusb/src/device/usbd.c.obj
 .bss._usbd_qdef_buf
                0x0000000020000b38       0xc0 CMakeFiles/hello_rp2040.dir/home/fabio/pico/pico-sdk/lib/tinyusb/src/device/usbd.c.obj
                0x0000000020000b38                _usbd_qdef_buf
 .bss.alarm_callbacks
                0x0000000020000bf8       0x10 CMakeFiles/hello_rp2040.dir/home/fabio/pico/pico-sdk/src/rp2_common/hardware_timer/timer.c.obj
 .bss.boot2_copyout
                0x0000000020000c08      0x100 CMakeFiles/hello_rp2040.dir/home/fabio/pico/pico-sdk/src/rp2_common/hardware_flash/flash.c.obj
 .bss.claimed   0x0000000020000d08        0x4 CMakeFiles/hello_rp2040.dir/home/fabio/pico/pico-sdk/src/rp2_common/hardware_sync/sync.c.obj
 .bss.configured_freq
                0x0000000020000d0c       0x28 CMakeFiles/hello_rp2040.dir/home/fabio/pico/pico-sdk/src/rp2_common/hardware_clocks/clocks.c.obj
 .bss.default_alarm_pool_entry_ids_high
                0x0000000020000d34       0x10 CMakeFiles/hello_rp2040.dir/home/fabio/pico/pico-sdk/src/common/pico_time/time.c.obj
 .bss.default_alarm_pool_heap_nodes
                0x0000000020000d44       0x30 CMakeFiles/hello_rp2040.dir/home/fabio/pico/pico-sdk/src/common/pico_time/time.c.obj
 .bss.desc_str.0
                0x0000000020000d74       0x28 CMakeFiles/hello_rp2040.dir/home/fabio/pico/pico-sdk/src/rp2_common/pico_stdio_usb/stdio_usb_descriptors.c.obj
 .bss.drivers   0x0000000020000d9c        0x4 CMakeFiles/hello_rp2040.dir/home/fabio/pico/pico-sdk/src/rp2_common/pico_stdio/stdio.c.obj
 .bss.filter    0x0000000020000da0        0x4 CMakeFiles/hello_rp2040.dir/home/fabio/pico/pico-sdk/src/rp2_common/pico_stdio/stdio.c.obj
 .bss.hw_endpoints
                0x0000000020000da4      0x400 CMakeFiles/hello_rp2040.dir/home/fabio/pico/pico-sdk/lib/tinyusb/src/portable/raspberrypi/rp2040/dcd_rp2040.c.obj
 .bss.lazy_vsnprintf
                0x00000000200011a4        0x4 CMakeFiles/hello_rp2040.dir/home/fabio/pico/pico-sdk/src/rp2_common/pico_printf/printf.c.obj
 .bss.load_value
                0x00000000200011a8        0x4 CMakeFiles/hello_rp2040.dir/home/fabio/pico/pico-sdk/src/rp2_common/hardware_watchdog/watchdog.c.obj
 .bss.next_buffer_ptr
                0x00000000200011ac        0x4 CMakeFiles/hello_rp2040.dir/home/fabio/pico/pico-sdk/lib/tinyusb/src/portable/raspberrypi/rp2040/dcd_rp2040.c.obj
 .bss.pools     0x00000000200011b0       0x10 CMakeFiles/hello_rp2040.dir/home/fabio/pico/pico-sdk/src/common/pico_time/time.c.obj
 .bss.retrieved_id
                0x00000000200011c0        0x8 CMakeFiles/hello_rp2040.dir/home/fabio/pico/pico-sdk/src/rp2_common/pico_unique_id/unique_id.c.obj
 .bss.sf_clz_func
                0x00000000200011c8        0x4 CMakeFiles/hello_rp2040.dir/home/fabio/pico/pico-sdk/src/rp2_common/pico_double/double_init_rom.c.obj
                0x00000000200011c8                sf_clz_func
 .bss.sleep_notifier
                0x00000000200011cc        0x4 CMakeFiles/hello_rp2040.dir/home/fabio/pico/pico-sdk/src/common/pico_time/time.c.obj
 .bss.stdio_usb_mutex
                0x00000000200011d0        0x8 CMakeFiles/hello_rp2040.dir/home/fabio/pico/pico-sdk/src/rp2_common/pico_stdio_usb/stdio_usb.c.obj
 .bss.target_hi
                0x00000000200011d8       0x10 CMakeFiles/hello_rp2040.dir/home/fabio/pico/pico-sdk/src/rp2_common/hardware_timer/timer.c.obj
 .bss.usbd_serial_str
                0x00000000200011e8       0x11 CMakeFiles/hello_rp2040.dir/home/fabio/pico/pico-sdk/src/rp2_common/pico_stdio_usb/stdio_usb_descriptors.c.obj
 *fill*         0x00000000200011f9        0x3 
 .bss.user_irq_claimed
                0x00000000200011fc        0x2 CMakeFiles/hello_rp2040.dir/home/fabio/pico/pico-sdk/src/rp2_common/hardware_irq/irq.c.obj
 .bss._app_driver_count
                0x00000000200011fe        0x1 CMakeFiles/hello_rp2040.dir/home/fabio/pico/pico-sdk/lib/tinyusb/src/device/usbd.c.obj
 .bss._usbd_initialized
                0x00000000200011ff        0x1 CMakeFiles/hello_rp2040.dir/home/fabio/pico/pico-sdk/lib/tinyusb/src/device/usbd.c.obj
 .bss.boot2_copyout_valid
                0x0000000020001200        0x1 CMakeFiles/hello_rp2040.dir/home/fabio/pico/pico-sdk/src/rp2_common/hardware_flash/flash.c.obj
 .bss.claimed   0x0000000020001201        0x1 CMakeFiles/hello_rp2040.dir/home/fabio/pico/pico-sdk/src/rp2_common/hardware_timer/timer.c.obj
 .bss.irq_hander_chain_free_slot_head
                0x0000000020001202        0x1 CMakeFiles/hello_rp2040.dir/home/fabio/pico/pico-sdk/src/rp2_common/hardware_irq/irq.c.obj
 .bss.itf_num   0x0000000020001203        0x1 CMakeFiles/hello_rp2040.dir/home/fabio/pico/pico-sdk/src/rp2_common/pico_stdio_usb/reset_interface.c.obj
 .bss.low_priority_irq_num
                0x0000000020001204        0x1 CMakeFiles/hello_rp2040.dir/home/fabio/pico/pico-sdk/src/rp2_common/pico_stdio_usb/stdio_usb.c.obj
 .bss.timer_callbacks_pending
                0x0000000020001205        0x1 CMakeFiles/hello_rp2040.dir/home/fabio/pico/pico-sdk/src/rp2_common/hardware_timer/timer.c.obj
 *(COMMON)
                0x0000000020001208                . = ALIGN (0x4)
 *fill*         0x0000000020001206        0x2 
                0x0000000020001208                __bss_end__ = .

.heap           0x0000000020001208      0x800
                0x0000000020001208                __end__ = .
                0x0000000020001208                end = __end__
 *(.heap*)
 .heap          0x0000000020001208      0x800 CMakeFiles/hello_rp2040.dir/home/fabio/pico/pico-sdk/src/rp2_common/pico_standard_link/crt0.S.obj
                0x0000000020001a08                __HeapLimit = .

.stack1_dummy   0x0000000020040000        0x0
 *(.stack1*)

.stack_dummy    0x0000000020041000      0x800
 *(.stack*)
 .stack         0x0000000020041000      0x800 CMakeFiles/hello_rp2040.dir/home/fabio/pico/pico-sdk/src/rp2_common/pico_standard_link/crt0.S.obj

.flash_end      0x000000001000554c        0x0
                0x000000001000554c                __flash_binary_end = .
                0x0000000020040000                __StackLimit = (ORIGIN (RAM) + LENGTH (RAM))
                0x0000000020041000                __StackOneTop = (ORIGIN (SCRATCH_X) + LENGTH (SCRATCH_X))
                0x0000000020042000                __StackTop = (ORIGIN (SCRATCH_Y) + LENGTH (SCRATCH_Y))
                0x0000000020041000                __StackOneBottom = (__StackOneTop - SIZEOF (.stack1_dummy))
                0x0000000020041800                __StackBottom = (__StackTop - SIZEOF (.stack_dummy))
                0x0000000020042000                PROVIDE (__stack = __StackTop)
                0x0000000000000001                ASSERT ((__StackLimit >= __HeapLimit), region RAM overflowed)
                0x0000000000000001                ASSERT (((__binary_info_header_end - __logical_binary_start) <= 0x100), Binary info must be in first 256 bytes of the binary)
LOAD CMakeFiles/hello_rp2040.dir/hello_rp2040.c.obj
LOAD CMakeFiles/hello_rp2040.dir/home/fabio/pico/pico-sdk/src/rp2_common/pico_stdlib/stdlib.c.obj
LOAD CMakeFiles/hello_rp2040.dir/home/fabio/pico/pico-sdk/src/rp2_common/hardware_gpio/gpio.c.obj
LOAD CMakeFiles/hello_rp2040.dir/home/fabio/pico/pico-sdk/src/rp2_common/hardware_claim/claim.c.obj
LOAD CMakeFiles/hello_rp2040.dir/home/fabio/pico/pico-sdk/src/rp2_common/pico_platform/platform.c.obj
LOAD CMakeFiles/hello_rp2040.dir/home/fabio/pico/pico-sdk/src/rp2_common/hardware_sync/sync.c.obj
LOAD CMakeFiles/hello_rp2040.dir/home/fabio/pico/pico-sdk/src/rp2_common/hardware_irq/irq.c.obj
LOAD CMakeFiles/hello_rp2040.dir/home/fabio/pico/pico-sdk/src/rp2_common/hardware_irq/irq_handler_chain.S.obj
LOAD CMakeFiles/hello_rp2040.dir/home/fabio/pico/pico-sdk/src/common/pico_sync/sem.c.obj
LOAD CMakeFiles/hello_rp2040.dir/home/fabio/pico/pico-sdk/src/common/pico_sync/lock_core.c.obj
LOAD CMakeFiles/hello_rp2040.dir/home/fabio/pico/pico-sdk/src/common/pico_time/time.c.obj
LOAD CMakeFiles/hello_rp2040.dir/home/fabio/pico/pico-sdk/src/common/pico_time/timeout_helper.c.obj
LOAD CMakeFiles/hello_rp2040.dir/home/fabio/pico/pico-sdk/src/rp2_common/hardware_timer/timer.c.obj
LOAD CMakeFiles/hello_rp2040.dir/home/fabio/pico/pico-sdk/src/common/pico_util/datetime.c.obj
LOAD CMakeFiles/hello_rp2040.dir/home/fabio/pico/pico-sdk/src/common/pico_util/pheap.c.obj
LOAD CMakeFiles/hello_rp2040.dir/home/fabio/pico/pico-sdk/src/common/pico_util/queue.c.obj
LOAD CMakeFiles/hello_rp2040.dir/home/fabio/pico/pico-sdk/src/common/pico_sync/mutex.c.obj
LOAD CMakeFiles/hello_rp2040.dir/home/fabio/pico/pico-sdk/src/common/pico_sync/critical_section.c.obj
LOAD CMakeFiles/hello_rp2040.dir/home/fabio/pico/pico-sdk/src/rp2_common/hardware_uart/uart.c.obj
LOAD CMakeFiles/hello_rp2040.dir/home/fabio/pico/pico-sdk/src/rp2_common/hardware_divider/divider.S.obj
LOAD CMakeFiles/hello_rp2040.dir/home/fabio/pico/pico-sdk/src/rp2_common/pico_runtime/runtime.c.obj
LOAD CMakeFiles/hello_rp2040.dir/home/fabio/pico/pico-sdk/src/rp2_common/hardware_clocks/clocks.c.obj
LOAD CMakeFiles/hello_rp2040.dir/home/fabio/pico/pico-sdk/src/rp2_common/hardware_pll/pll.c.obj
LOAD CMakeFiles/hello_rp2040.dir/home/fabio/pico/pico-sdk/src/rp2_common/hardware_vreg/vreg.c.obj
LOAD CMakeFiles/hello_rp2040.dir/home/fabio/pico/pico-sdk/src/rp2_common/hardware_watchdog/watchdog.c.obj
LOAD CMakeFiles/hello_rp2040.dir/home/fabio/pico/pico-sdk/src/rp2_common/hardware_xosc/xosc.c.obj
LOAD CMakeFiles/hello_rp2040.dir/home/fabio/pico/pico-sdk/src/rp2_common/pico_printf/printf.c.obj
LOAD CMakeFiles/hello_rp2040.dir/home/fabio/pico/pico-sdk/src/rp2_common/pico_bit_ops/bit_ops_aeabi.S.obj
LOAD CMakeFiles/hello_rp2040.dir/home/fabio/pico/pico-sdk/src/rp2_common/pico_bootrom/bootrom.c.obj
LOAD CMakeFiles/hello_rp2040.dir/home/fabio/pico/pico-sdk/src/rp2_common/pico_divider/divider.S.obj
LOAD CMakeFiles/hello_rp2040.dir/home/fabio/pico/pico-sdk/src/rp2_common/pico_double/double_aeabi.S.obj
LOAD CMakeFiles/hello_rp2040.dir/home/fabio/pico/pico-sdk/src/rp2_common/pico_double/double_init_rom.c.obj
LOAD CMakeFiles/hello_rp2040.dir/home/fabio/pico/pico-sdk/src/rp2_common/pico_double/double_math.c.obj
LOAD CMakeFiles/hello_rp2040.dir/home/fabio/pico/pico-sdk/src/rp2_common/pico_double/double_v1_rom_shim.S.obj
LOAD CMakeFiles/hello_rp2040.dir/home/fabio/pico/pico-sdk/src/rp2_common/pico_int64_ops/pico_int64_ops_aeabi.S.obj
LOAD CMakeFiles/hello_rp2040.dir/home/fabio/pico/pico-sdk/src/rp2_common/pico_float/float_aeabi.S.obj
LOAD CMakeFiles/hello_rp2040.dir/home/fabio/pico/pico-sdk/src/rp2_common/pico_float/float_init_rom.c.obj
LOAD CMakeFiles/hello_rp2040.dir/home/fabio/pico/pico-sdk/src/rp2_common/pico_float/float_math.c.obj
LOAD CMakeFiles/hello_rp2040.dir/home/fabio/pico/pico-sdk/src/rp2_common/pico_float/float_v1_rom_shim.S.obj
LOAD CMakeFiles/hello_rp2040.dir/home/fabio/pico/pico-sdk/src/rp2_common/pico_malloc/pico_malloc.c.obj
LOAD CMakeFiles/hello_rp2040.dir/home/fabio/pico/pico-sdk/src/rp2_common/pico_mem_ops/mem_ops_aeabi.S.obj
LOAD CMakeFiles/hello_rp2040.dir/home/fabio/pico/pico-sdk/src/rp2_common/pico_standard_link/crt0.S.obj
LOAD CMakeFiles/hello_rp2040.dir/home/fabio/pico/pico-sdk/src/rp2_common/pico_standard_link/new_delete.cpp.obj
LOAD CMakeFiles/hello_rp2040.dir/home/fabio/pico/pico-sdk/src/rp2_common/pico_standard_link/binary_info.c.obj
LOAD CMakeFiles/hello_rp2040.dir/home/fabio/pico/pico-sdk/src/rp2_common/pico_stdio/stdio.c.obj
LOAD CMakeFiles/hello_rp2040.dir/home/fabio/pico/pico-sdk/src/rp2_common/pico_stdio_usb/reset_interface.c.obj
LOAD CMakeFiles/hello_rp2040.dir/home/fabio/pico/pico-sdk/src/rp2_common/pico_stdio_usb/stdio_usb.c.obj
LOAD CMakeFiles/hello_rp2040.dir/home/fabio/pico/pico-sdk/src/rp2_common/pico_stdio_usb/stdio_usb_descriptors.c.obj
LOAD CMakeFiles/hello_rp2040.dir/home/fabio/pico/pico-sdk/lib/tinyusb/src/portable/raspberrypi/rp2040/dcd_rp2040.c.obj
LOAD CMakeFiles/hello_rp2040.dir/home/fabio/pico/pico-sdk/lib/tinyusb/src/portable/raspberrypi/rp2040/rp2040_usb.c.obj
LOAD CMakeFiles/hello_rp2040.dir/home/fabio/pico/pico-sdk/lib/tinyusb/src/device/usbd.c.obj
LOAD CMakeFiles/hello_rp2040.dir/home/fabio/pico/pico-sdk/lib/tinyusb/src/device/usbd_control.c.obj
LOAD CMakeFiles/hello_rp2040.dir/home/fabio/pico/pico-sdk/lib/tinyusb/src/class/audio/audio_device.c.obj
LOAD CMakeFiles/hello_rp2040.dir/home/fabio/pico/pico-sdk/lib/tinyusb/src/class/cdc/cdc_device.c.obj
LOAD CMakeFiles/hello_rp2040.dir/home/fabio/pico/pico-sdk/lib/tinyusb/src/class/dfu/dfu_device.c.obj
LOAD CMakeFiles/hello_rp2040.dir/home/fabio/pico/pico-sdk/lib/tinyusb/src/class/dfu/dfu_rt_device.c.obj
LOAD CMakeFiles/hello_rp2040.dir/home/fabio/pico/pico-sdk/lib/tinyusb/src/class/hid/hid_device.c.obj
LOAD CMakeFiles/hello_rp2040.dir/home/fabio/pico/pico-sdk/lib/tinyusb/src/class/midi/midi_device.c.obj
LOAD CMakeFiles/hello_rp2040.dir/home/fabio/pico/pico-sdk/lib/tinyusb/src/class/msc/msc_device.c.obj
LOAD CMakeFiles/hello_rp2040.dir/home/fabio/pico/pico-sdk/lib/tinyusb/src/class/net/ecm_rndis_device.c.obj
LOAD CMakeFiles/hello_rp2040.dir/home/fabio/pico/pico-sdk/lib/tinyusb/src/class/net/ncm_device.c.obj
LOAD CMakeFiles/hello_rp2040.dir/home/fabio/pico/pico-sdk/lib/tinyusb/src/class/usbtmc/usbtmc_device.c.obj
LOAD CMakeFiles/hello_rp2040.dir/home/fabio/pico/pico-sdk/lib/tinyusb/src/class/vendor/vendor_device.c.obj
LOAD CMakeFiles/hello_rp2040.dir/home/fabio/pico/pico-sdk/lib/tinyusb/src/class/video/video_device.c.obj
LOAD CMakeFiles/hello_rp2040.dir/home/fabio/pico/pico-sdk/lib/tinyusb/src/tusb.c.obj
LOAD CMakeFiles/hello_rp2040.dir/home/fabio/pico/pico-sdk/lib/tinyusb/src/common/tusb_fifo.c.obj
LOAD CMakeFiles/hello_rp2040.dir/home/fabio/pico/pico-sdk/src/rp2_common/pico_fix/rp2040_usb_device_enumeration/rp2040_usb_device_enumeration.c.obj
LOAD CMakeFiles/hello_rp2040.dir/home/fabio/pico/pico-sdk/src/rp2_common/pico_unique_id/unique_id.c.obj
LOAD CMakeFiles/hello_rp2040.dir/home/fabio/pico/pico-sdk/src/rp2_common/hardware_flash/flash.c.obj
LOAD /tmp/ccW1pGNm.o
LOAD /usr/lib/gcc/arm-none-eabi/10.3.1/../../../arm-none-eabi/lib/thumb/v6-m/nofp/libstdc++.a
LOAD /usr/lib/gcc/arm-none-eabi/10.3.1/../../../arm-none-eabi/lib/thumb/v6-m/nofp/libm.a
START GROUP
LOAD /usr/lib/gcc/arm-none-eabi/10.3.1/thumb/v6-m/nofp/libgcc.a
LOAD /usr/lib/gcc/arm-none-eabi/10.3.1/../../../arm-none-eabi/lib/thumb/v6-m/nofp/libc.a
END GROUP
START GROUP
LOAD /usr/lib/gcc/arm-none-eabi/10.3.1/thumb/v6-m/nofp/libgcc.a
LOAD /usr/lib/gcc/arm-none-eabi/10.3.1/../../../arm-none-eabi/lib/thumb/v6-m/nofp/libc.a
LOAD /usr/lib/gcc/arm-none-eabi/10.3.1/../../../arm-none-eabi/lib/thumb/v6-m/nofp/libnosys.a
END GROUP
LOAD /usr/lib/gcc/arm-none-eabi/10.3.1/thumb/v6-m/nofp/crtend.o
LOAD /usr/lib/gcc/arm-none-eabi/10.3.1/thumb/v6-m/nofp/crtn.o
OUTPUT(hello_rp2040.elf elf32-littlearm)
LOAD linker stubs

.ARM.attributes
                0x0000000000000000       0x28
 .ARM.attributes
                0x0000000000000000       0x1e /usr/lib/gcc/arm-none-eabi/10.3.1/thumb/v6-m/nofp/crti.o
 .ARM.attributes
                0x000000000000001e       0x2c /usr/lib/gcc/arm-none-eabi/10.3.1/thumb/v6-m/nofp/crtbegin.o
 .ARM.attributes
                0x000000000000004a       0x2c CMakeFiles/hello_rp2040.dir/hello_rp2040.c.obj
 .ARM.attributes
                0x0000000000000076       0x2c CMakeFiles/hello_rp2040.dir/home/fabio/pico/pico-sdk/src/rp2_common/hardware_gpio/gpio.c.obj
 .ARM.attributes
                0x00000000000000a2       0x2c CMakeFiles/hello_rp2040.dir/home/fabio/pico/pico-sdk/src/rp2_common/hardware_claim/claim.c.obj
 .ARM.attributes
                0x00000000000000ce       0x2c CMakeFiles/hello_rp2040.dir/home/fabio/pico/pico-sdk/src/rp2_common/pico_platform/platform.c.obj
 .ARM.attributes
                0x00000000000000fa       0x2c CMakeFiles/hello_rp2040.dir/home/fabio/pico/pico-sdk/src/rp2_common/hardware_sync/sync.c.obj
 .ARM.attributes
                0x0000000000000126       0x2c CMakeFiles/hello_rp2040.dir/home/fabio/pico/pico-sdk/src/rp2_common/hardware_irq/irq.c.obj
 .ARM.attributes
                0x0000000000000152       0x22 CMakeFiles/hello_rp2040.dir/home/fabio/pico/pico-sdk/src/rp2_common/hardware_irq/irq_handler_chain.S.obj
 .ARM.attributes
                0x0000000000000174       0x2c CMakeFiles/hello_rp2040.dir/home/fabio/pico/pico-sdk/src/common/pico_sync/lock_core.c.obj
 .ARM.attributes
                0x00000000000001a0       0x2c CMakeFiles/hello_rp2040.dir/home/fabio/pico/pico-sdk/src/common/pico_time/time.c.obj
 .ARM.attributes
                0x00000000000001cc       0x2c CMakeFiles/hello_rp2040.dir/home/fabio/pico/pico-sdk/src/rp2_common/hardware_timer/timer.c.obj
 .ARM.attributes
                0x00000000000001f8       0x2c CMakeFiles/hello_rp2040.dir/home/fabio/pico/pico-sdk/src/common/pico_util/pheap.c.obj
 .ARM.attributes
                0x0000000000000224       0x2c CMakeFiles/hello_rp2040.dir/home/fabio/pico/pico-sdk/src/common/pico_sync/mutex.c.obj
 .ARM.attributes
                0x0000000000000250       0x2c CMakeFiles/hello_rp2040.dir/home/fabio/pico/pico-sdk/src/common/pico_sync/critical_section.c.obj
 .ARM.attributes
                0x000000000000027c       0x2c CMakeFiles/hello_rp2040.dir/home/fabio/pico/pico-sdk/src/rp2_common/pico_runtime/runtime.c.obj
 .ARM.attributes
                0x00000000000002a8       0x2c CMakeFiles/hello_rp2040.dir/home/fabio/pico/pico-sdk/src/rp2_common/hardware_clocks/clocks.c.obj
 .ARM.attributes
                0x00000000000002d4       0x2c CMakeFiles/hello_rp2040.dir/home/fabio/pico/pico-sdk/src/rp2_common/hardware_pll/pll.c.obj
 .ARM.attributes
                0x0000000000000300       0x2c CMakeFiles/hello_rp2040.dir/home/fabio/pico/pico-sdk/src/rp2_common/hardware_watchdog/watchdog.c.obj
 .ARM.attributes
                0x000000000000032c       0x2c CMakeFiles/hello_rp2040.dir/home/fabio/pico/pico-sdk/src/rp2_common/hardware_xosc/xosc.c.obj
 .ARM.attributes
                0x0000000000000358       0x2c CMakeFiles/hello_rp2040.dir/home/fabio/pico/pico-sdk/src/rp2_common/pico_printf/printf.c.obj
 .ARM.attributes
                0x0000000000000384       0x22 CMakeFiles/hello_rp2040.dir/home/fabio/pico/pico-sdk/src/rp2_common/pico_bit_ops/bit_ops_aeabi.S.obj
 .ARM.attributes
                0x00000000000003a6       0x2c CMakeFiles/hello_rp2040.dir/home/fabio/pico/pico-sdk/src/rp2_common/pico_bootrom/bootrom.c.obj
 .ARM.attributes
                0x00000000000003d2       0x22 CMakeFiles/hello_rp2040.dir/home/fabio/pico/pico-sdk/src/rp2_common/pico_divider/divider.S.obj
 .ARM.attributes
                0x00000000000003f4       0x22 CMakeFiles/hello_rp2040.dir/home/fabio/pico/pico-sdk/src/rp2_common/pico_double/double_aeabi.S.obj
 .ARM.attributes
                0x0000000000000416       0x2c CMakeFiles/hello_rp2040.dir/home/fabio/pico/pico-sdk/src/rp2_common/pico_double/double_init_rom.c.obj
 .ARM.attributes
                0x0000000000000442       0x22 CMakeFiles/hello_rp2040.dir/home/fabio/pico/pico-sdk/src/rp2_common/pico_double/double_v1_rom_shim.S.obj
 .ARM.attributes
                0x0000000000000464       0x22 CMakeFiles/hello_rp2040.dir/home/fabio/pico/pico-sdk/src/rp2_common/pico_int64_ops/pico_int64_ops_aeabi.S.obj
 .ARM.attributes
                0x0000000000000486       0x22 CMakeFiles/hello_rp2040.dir/home/fabio/pico/pico-sdk/src/rp2_common/pico_float/float_aeabi.S.obj
 .ARM.attributes
                0x00000000000004a8       0x2c CMakeFiles/hello_rp2040.dir/home/fabio/pico/pico-sdk/src/rp2_common/pico_float/float_init_rom.c.obj
 .ARM.attributes
                0x00000000000004d4       0x22 CMakeFiles/hello_rp2040.dir/home/fabio/pico/pico-sdk/src/rp2_common/pico_float/float_v1_rom_shim.S.obj
 .ARM.attributes
                0x00000000000004f6       0x22 CMakeFiles/hello_rp2040.dir/home/fabio/pico/pico-sdk/src/rp2_common/pico_mem_ops/mem_ops_aeabi.S.obj
 .ARM.attributes
                0x0000000000000518       0x22 CMakeFiles/hello_rp2040.dir/home/fabio/pico/pico-sdk/src/rp2_common/pico_standard_link/crt0.S.obj
 .ARM.attributes
                0x000000000000053a       0x32 CMakeFiles/hello_rp2040.dir/home/fabio/pico/pico-sdk/src/rp2_common/pico_standard_link/binary_info.c.obj
 .ARM.attributes
                0x000000000000056c       0x2c CMakeFiles/hello_rp2040.dir/home/fabio/pico/pico-sdk/src/rp2_common/pico_stdio/stdio.c.obj
 .ARM.attributes
                0x0000000000000598       0x2c CMakeFiles/hello_rp2040.dir/home/fabio/pico/pico-sdk/src/rp2_common/pico_stdio_usb/reset_interface.c.obj
 .ARM.attributes
                0x00000000000005c4       0x2c CMakeFiles/hello_rp2040.dir/home/fabio/pico/pico-sdk/src/rp2_common/pico_stdio_usb/stdio_usb.c.obj
 .ARM.attributes
                0x00000000000005f0       0x2c CMakeFiles/hello_rp2040.dir/home/fabio/pico/pico-sdk/src/rp2_common/pico_stdio_usb/stdio_usb_descriptors.c.obj
 .ARM.attributes
                0x000000000000061c       0x2c CMakeFiles/hello_rp2040.dir/home/fabio/pico/pico-sdk/lib/tinyusb/src/portable/raspberrypi/rp2040/dcd_rp2040.c.obj
 .ARM.attributes
                0x0000000000000648       0x2c CMakeFiles/hello_rp2040.dir/home/fabio/pico/pico-sdk/lib/tinyusb/src/portable/raspberrypi/rp2040/rp2040_usb.c.obj
 .ARM.attributes
                0x0000000000000674       0x2c CMakeFiles/hello_rp2040.dir/home/fabio/pico/pico-sdk/lib/tinyusb/src/device/usbd.c.obj
 .ARM.attributes
                0x00000000000006a0       0x2c CMakeFiles/hello_rp2040.dir/home/fabio/pico/pico-sdk/lib/tinyusb/src/device/usbd_control.c.obj
 .ARM.attributes
                0x00000000000006cc       0x2c CMakeFiles/hello_rp2040.dir/home/fabio/pico/pico-sdk/lib/tinyusb/src/class/cdc/cdc_device.c.obj
 .ARM.attributes
                0x00000000000006f8       0x2c CMakeFiles/hello_rp2040.dir/home/fabio/pico/pico-sdk/lib/tinyusb/src/tusb.c.obj
 .ARM.attributes
                0x0000000000000724       0x2c CMakeFiles/hello_rp2040.dir/home/fabio/pico/pico-sdk/lib/tinyusb/src/common/tusb_fifo.c.obj
 .ARM.attributes
                0x0000000000000750       0x2c CMakeFiles/hello_rp2040.dir/home/fabio/pico/pico-sdk/src/rp2_common/pico_unique_id/unique_id.c.obj
 .ARM.attributes
                0x000000000000077c       0x2c CMakeFiles/hello_rp2040.dir/home/fabio/pico/pico-sdk/src/rp2_common/hardware_flash/flash.c.obj
 .ARM.attributes
                0x00000000000007a8       0x22 /tmp/ccW1pGNm.o
 .ARM.attributes
                0x00000000000007ca       0x1e /usr/lib/gcc/arm-none-eabi/10.3.1/thumb/v6-m/nofp/libgcc.a(_dvmd_tls.o)
 .ARM.attributes
                0x00000000000007e8       0x2c /usr/lib/gcc/arm-none-eabi/10.3.1/../../../arm-none-eabi/lib/thumb/v6-m/nofp/libc.a(lib_a-strlen-stub.o)
 .ARM.attributes
                0x0000000000000814       0x2c /usr/lib/gcc/arm-none-eabi/10.3.1/thumb/v6-m/nofp/crtend.o

.comment        0x0000000000000000       0x33
 .comment       0x0000000000000000       0x33 /usr/lib/gcc/arm-none-eabi/10.3.1/thumb/v6-m/nofp/crtbegin.o
                                         0x34 (size before relaxing)
 .comment       0x0000000000000033       0x34 CMakeFiles/hello_rp2040.dir/hello_rp2040.c.obj
 .comment       0x0000000000000033       0x34 CMakeFiles/hello_rp2040.dir/home/fabio/pico/pico-sdk/src/rp2_common/hardware_gpio/gpio.c.obj
 .comment       0x0000000000000033       0x34 CMakeFiles/hello_rp2040.dir/home/fabio/pico/pico-sdk/src/rp2_common/hardware_claim/claim.c.obj
 .comment       0x0000000000000033       0x34 CMakeFiles/hello_rp2040.dir/home/fabio/pico/pico-sdk/src/rp2_common/pico_platform/platform.c.obj
 .comment       0x0000000000000033       0x34 CMakeFiles/hello_rp2040.dir/home/fabio/pico/pico-sdk/src/rp2_common/hardware_sync/sync.c.obj
 .comment       0x0000000000000033       0x34 CMakeFiles/hello_rp2040.dir/home/fabio/pico/pico-sdk/src/rp2_common/hardware_irq/irq.c.obj
 .comment       0x0000000000000033       0x34 CMakeFiles/hello_rp2040.dir/home/fabio/pico/pico-sdk/src/common/pico_sync/lock_core.c.obj
 .comment       0x0000000000000033       0x34 CMakeFiles/hello_rp2040.dir/home/fabio/pico/pico-sdk/src/common/pico_time/time.c.obj
 .comment       0x0000000000000033       0x34 CMakeFiles/hello_rp2040.dir/home/fabio/pico/pico-sdk/src/rp2_common/hardware_timer/timer.c.obj
 .comment       0x0000000000000033       0x34 CMakeFiles/hello_rp2040.dir/home/fabio/pico/pico-sdk/src/common/pico_util/pheap.c.obj
 .comment       0x0000000000000033       0x34 CMakeFiles/hello_rp2040.dir/home/fabio/pico/pico-sdk/src/common/pico_sync/mutex.c.obj
 .comment       0x0000000000000033       0x34 CMakeFiles/hello_rp2040.dir/home/fabio/pico/pico-sdk/src/common/pico_sync/critical_section.c.obj
 .comment       0x0000000000000033       0x34 CMakeFiles/hello_rp2040.dir/home/fabio/pico/pico-sdk/src/rp2_common/pico_runtime/runtime.c.obj
 .comment       0x0000000000000033       0x34 CMakeFiles/hello_rp2040.dir/home/fabio/pico/pico-sdk/src/rp2_common/hardware_clocks/clocks.c.obj
 .comment       0x0000000000000033       0x34 CMakeFiles/hello_rp2040.dir/home/fabio/pico/pico-sdk/src/rp2_common/hardware_pll/pll.c.obj
 .comment       0x0000000000000033       0x34 CMakeFiles/hello_rp2040.dir/home/fabio/pico/pico-sdk/src/rp2_common/hardware_watchdog/watchdog.c.obj
 .comment       0x0000000000000033       0x34 CMakeFiles/hello_rp2040.dir/home/fabio/pico/pico-sdk/src/rp2_common/hardware_xosc/xosc.c.obj
 .comment       0x0000000000000033       0x34 CMakeFiles/hello_rp2040.dir/home/fabio/pico/pico-sdk/src/rp2_common/pico_printf/printf.c.obj
 .comment       0x0000000000000033       0x34 CMakeFiles/hello_rp2040.dir/home/fabio/pico/pico-sdk/src/rp2_common/pico_bootrom/bootrom.c.obj
 .comment       0x0000000000000033       0x34 CMakeFiles/hello_rp2040.dir/home/fabio/pico/pico-sdk/src/rp2_common/pico_double/double_init_rom.c.obj
 .comment       0x0000000000000033       0x34 CMakeFiles/hello_rp2040.dir/home/fabio/pico/pico-sdk/src/rp2_common/pico_float/float_init_rom.c.obj
 .comment       0x0000000000000033       0x34 CMakeFiles/hello_rp2040.dir/home/fabio/pico/pico-sdk/src/rp2_common/pico_standard_link/binary_info.c.obj
 .comment       0x0000000000000033       0x34 CMakeFiles/hello_rp2040.dir/home/fabio/pico/pico-sdk/src/rp2_common/pico_stdio/stdio.c.obj
 .comment       0x0000000000000033       0x34 CMakeFiles/hello_rp2040.dir/home/fabio/pico/pico-sdk/src/rp2_common/pico_stdio_usb/reset_interface.c.obj
 .comment       0x0000000000000033       0x34 CMakeFiles/hello_rp2040.dir/home/fabio/pico/pico-sdk/src/rp2_common/pico_stdio_usb/stdio_usb.c.obj
 .comment       0x0000000000000033       0x34 CMakeFiles/hello_rp2040.dir/home/fabio/pico/pico-sdk/src/rp2_common/pico_stdio_usb/stdio_usb_descriptors.c.obj
 .comment       0x0000000000000033       0x34 CMakeFiles/hello_rp2040.dir/home/fabio/pico/pico-sdk/lib/tinyusb/src/portable/raspberrypi/rp2040/dcd_rp2040.c.obj
 .comment       0x0000000000000033       0x34 CMakeFiles/hello_rp2040.dir/home/fabio/pico/pico-sdk/lib/tinyusb/src/portable/raspberrypi/rp2040/rp2040_usb.c.obj
 .comment       0x0000000000000033       0x34 CMakeFiles/hello_rp2040.dir/home/fabio/pico/pico-sdk/lib/tinyusb/src/device/usbd.c.obj
 .comment       0x0000000000000033       0x34 CMakeFiles/hello_rp2040.dir/home/fabio/pico/pico-sdk/lib/tinyusb/src/device/usbd_control.c.obj
 .comment       0x0000000000000033       0x34 CMakeFiles/hello_rp2040.dir/home/fabio/pico/pico-sdk/lib/tinyusb/src/class/cdc/cdc_device.c.obj
 .comment       0x0000000000000033       0x34 CMakeFiles/hello_rp2040.dir/home/fabio/pico/pico-sdk/lib/tinyusb/src/tusb.c.obj
 .comment       0x0000000000000033       0x34 CMakeFiles/hello_rp2040.dir/home/fabio/pico/pico-sdk/lib/tinyusb/src/common/tusb_fifo.c.obj
 .comment       0x0000000000000033       0x34 CMakeFiles/hello_rp2040.dir/home/fabio/pico/pico-sdk/src/rp2_common/pico_unique_id/unique_id.c.obj
 .comment       0x0000000000000033       0x34 CMakeFiles/hello_rp2040.dir/home/fabio/pico/pico-sdk/src/rp2_common/hardware_flash/flash.c.obj
 .comment       0x0000000000000033       0x34 /usr/lib/gcc/arm-none-eabi/10.3.1/../../../arm-none-eabi/lib/thumb/v6-m/nofp/libc.a(lib_a-strlen-stub.o)
 .comment       0x0000000000000033       0x34 /usr/lib/gcc/arm-none-eabi/10.3.1/thumb/v6-m/nofp/crtend.o

.debug_line     0x0000000000000000      0x1d2
 .debug_line    0x0000000000000000       0x60 /usr/lib/gcc/arm-none-eabi/10.3.1/thumb/v6-m/nofp/libgcc.a(_dvmd_tls.o)
 .debug_line    0x0000000000000060      0x172 /usr/lib/gcc/arm-none-eabi/10.3.1/../../../arm-none-eabi/lib/thumb/v6-m/nofp/libc.a(lib_a-strlen-stub.o)

.debug_info     0x0000000000000000      0x114
 .debug_info    0x0000000000000000       0x26 /usr/lib/gcc/arm-none-eabi/10.3.1/thumb/v6-m/nofp/libgcc.a(_dvmd_tls.o)
 .debug_info    0x0000000000000026       0xee /usr/lib/gcc/arm-none-eabi/10.3.1/../../../arm-none-eabi/lib/thumb/v6-m/nofp/libc.a(lib_a-strlen-stub.o)

.debug_abbrev   0x0000000000000000       0xa3
 .debug_abbrev  0x0000000000000000       0x14 /usr/lib/gcc/arm-none-eabi/10.3.1/thumb/v6-m/nofp/libgcc.a(_dvmd_tls.o)
 .debug_abbrev  0x0000000000000014       0x8f /usr/lib/gcc/arm-none-eabi/10.3.1/../../../arm-none-eabi/lib/thumb/v6-m/nofp/libc.a(lib_a-strlen-stub.o)

.debug_aranges  0x0000000000000000       0x40
 .debug_aranges
                0x0000000000000000       0x20 /usr/lib/gcc/arm-none-eabi/10.3.1/thumb/v6-m/nofp/libgcc.a(_dvmd_tls.o)
 .debug_aranges
                0x0000000000000020       0x20 /usr/lib/gcc/arm-none-eabi/10.3.1/../../../arm-none-eabi/lib/thumb/v6-m/nofp/libc.a(lib_a-strlen-stub.o)

.debug_str      0x0000000000000000      0x232
 .debug_str     0x0000000000000000       0xa6 /usr/lib/gcc/arm-none-eabi/10.3.1/thumb/v6-m/nofp/libgcc.a(_dvmd_tls.o)
 .debug_str     0x00000000000000a6      0x18c /usr/lib/gcc/arm-none-eabi/10.3.1/../../../arm-none-eabi/lib/thumb/v6-m/nofp/libc.a(lib_a-strlen-stub.o)
                                        0x1c5 (size before relaxing)

.debug_loc      0x0000000000000000       0x90
 .debug_loc     0x0000000000000000       0x90 /usr/lib/gcc/arm-none-eabi/10.3.1/../../../arm-none-eabi/lib/thumb/v6-m/nofp/libc.a(lib_a-strlen-stub.o)

.debug_frame    0x0000000000000000       0x28
 .debug_frame   0x0000000000000000       0x28 /usr/lib/gcc/arm-none-eabi/10.3.1/../../../arm-none-eabi/lib/thumb/v6-m/nofp/libc.a(lib_a-strlen-stub.o)
